     VMA      LMA     Size Align Out     In      Symbol
       0        0        0     1 PAGE_SIZE = 512
       0        0        0     1 STACK_MIN_SIZE = DEFINED ( stack_min_size ) ? stack_min_size : 1500
       0        0        0     1 END_STACK = ORIGIN ( SRAM ) + LENGTH ( SRAM )
c0de0000 c0de0000     985f     4 .text
c0de0000 c0de0000        0     1         _text = .
c0de0000 c0de0000        0     1         _nvram_start = .
c0de0000 c0de0000       14     2         build/nanos2/obj/sdk/lib_standard_app/main.o:(.boot)
c0de0000 c0de0000        0     1                 $t.3
c0de0001 c0de0001       14     1                 main
c0de0014 c0de0014        0     1         _code = .
c0de0014 c0de0014       4a     2         build/nanos2/obj/app/src/address.o:(.text.address_from_pubkey)
c0de0014 c0de0014        0     1                 $t.0
c0de0015 c0de0015       4a     1                 address_from_pubkey
c0de005e c0de005e      194     2         build/nanos2/obj/app/src/apdu/dispatcher.o:(.text.apdu_dispatcher)
c0de005e c0de005e        0     1                 $t.0
c0de005f c0de005f      194     1                 apdu_dispatcher
c0de01f2 c0de01f2        e     2         build/nanos2/obj/app/src/apdu/dispatcher.o:(.text.io_send_sw)
c0de01f2 c0de01f2        0     1                 $t.1
c0de01f3 c0de01f3        e     1                 io_send_sw
c0de0200 c0de0200       10     2         build/nanos2/obj/app/src/apdu/dispatcher.o:(.text.OUTLINED_FUNCTION_0)
c0de0200 c0de0200        0     1                 $t.2
c0de0201 c0de0201       10     1                 OUTLINED_FUNCTION_0
c0de0210 c0de0210       88     4         build/nanos2/obj/app/src/app_main.o:(.text.app_main)
c0de0210 c0de0210        0     1                 $t.0
c0de0211 c0de0211       88     1                 app_main
c0de0288 c0de0288        0     1                 $d.1
c0de0298 c0de0298       28     4         build/nanos2/obj/app/src/handler/get_app_name.o:(.text.handler_get_app_name)
c0de0298 c0de0298        0     1                 $t.0
c0de0299 c0de0299       28     1                 handler_get_app_name
c0de02bc c0de02bc        0     1                 $d.1
c0de02c0 c0de02c0       98     4         build/nanos2/obj/app/src/handler/get_public_key.o:(.text.handler_get_public_key)
c0de02c0 c0de02c0        0     1                 $t.0
c0de02c1 c0de02c1       98     1                 handler_get_public_key
c0de0354 c0de0354        0     1                 $d.1
c0de0358 c0de0358        e     2         build/nanos2/obj/app/src/handler/get_public_key.o:(.text.io_send_sw)
c0de0358 c0de0358        0     1                 $t.2
c0de0359 c0de0359        e     1                 io_send_sw
c0de0366 c0de0366       2e     2         build/nanos2/obj/app/src/handler/get_version.o:(.text.handler_get_version)
c0de0366 c0de0366        0     1                 $t.0
c0de0367 c0de0367       2e     1                 handler_get_version
c0de0394 c0de0394       b0     4         build/nanos2/obj/app/src/handler/groth16_handler.o:(.text.handler_groth16_verify)
c0de0394 c0de0394        0     1                 $t.0
c0de0395 c0de0395       b0     1                 handler_groth16_verify
c0de043c c0de043c        0     1                 $d.1
c0de0444 c0de0444        e     2         build/nanos2/obj/app/src/handler/groth16_handler.o:(.text.io_send_sw)
c0de0444 c0de0444        0     1                 $t.2
c0de0445 c0de0445        e     1                 io_send_sw
c0de0452 c0de0452       64     2         build/nanos2/obj/app/src/handler/oncurve_handler.o:(.text.handler_g1_on_curve)
c0de0452 c0de0452        0     1                 $t.0
c0de0453 c0de0453       64     1                 handler_g1_on_curve
c0de04b6 c0de04b6       10     2         build/nanos2/obj/app/src/handler/oncurve_handler.o:(.text.io_send_sw)
c0de04b6 c0de04b6        0     1                 $t.1
c0de04b7 c0de04b7       10     1                 io_send_sw
c0de04c6 c0de04c6       1c     2         build/nanos2/obj/app/src/handler/oncurve_handler.o:(.text.io_send_response_pointer)
c0de04c6 c0de04c6        0     1                 $t.2
c0de04c7 c0de04c7       1c     1                 io_send_response_pointer
c0de04e4 c0de04e4       84     4         build/nanos2/obj/app/src/handler/oncurve_handler.o:(.text.handler_g2_on_curve)
c0de04e4 c0de04e4        0     1                 $t.3
c0de04e5 c0de04e5       84     1                 handler_g2_on_curve
c0de0564 c0de0564        0     1                 $d.4
c0de0568 c0de0568      214     4         build/nanos2/obj/app/src/handler/pairing_handler.o:(.text.handler_pairing_compute)
c0de0568 c0de0568        0     1                 $t.0
c0de0569 c0de0569      214     1                 handler_pairing_compute
c0de0768 c0de0768        0     1                 $d.1
c0de077c c0de077c        e     2         build/nanos2/obj/app/src/handler/pairing_handler.o:(.text.io_send_sw)
c0de077c c0de077c        0     1                 $t.2
c0de077d c0de077d        e     1                 io_send_sw
c0de078a c0de078a       18     2         build/nanos2/obj/app/src/handler/pairing_handler.o:(.text.io_send_response_pointer)
c0de078a c0de078a        0     1                 $t.3
c0de078b c0de078b       18     1                 io_send_response_pointer
c0de07a4 c0de07a4       68     4         build/nanos2/obj/app/src/handler/pairing_handler.o:(.text.handler_pairing_getresult)
c0de07a4 c0de07a4        0     1                 $t.4
c0de07a5 c0de07a5       68     1                 handler_pairing_getresult
c0de0808 c0de0808        0     1                 $d.5
c0de080c c0de080c        6     2         build/nanos2/obj/app/src/handler/pairing_handler.o:(.text.OUTLINED_FUNCTION_0)
c0de080c c0de080c        0     1                 $t.6
c0de080d c0de080d        6     1                 OUTLINED_FUNCTION_0
c0de0814 c0de0814      120     4         build/nanos2/obj/app/src/handler/pairing_scalarmul_handler.o:(.text.handler_pairing_scalarmul)
c0de0814 c0de0814        0     1                 $t.0
c0de0815 c0de0815      120     1                 handler_pairing_scalarmul
c0de0930 c0de0930        0     1                 $d.1
c0de0934 c0de0934      128     4         build/nanos2/obj/app/src/handler/sign_tx.o:(.text.handler_sign_tx)
c0de0934 c0de0934        0     1                 $t.0
c0de0935 c0de0935      128     1                 handler_sign_tx
c0de0a54 c0de0a54        0     1                 $d.1
c0de0a5c c0de0a5c        e     2         build/nanos2/obj/app/src/handler/sign_tx.o:(.text.io_send_sw)
c0de0a5c c0de0a5c        0     1                 $t.2
c0de0a5d c0de0a5d        e     1                 io_send_sw
c0de0a6c c0de0a6c       e0     4         build/nanos2/obj/app/src/handler/test_pairing_handler.o:(.text.handler_pairing_test)
c0de0a6c c0de0a6c        0     1                 $t.0
c0de0a6d c0de0a6d       e0     1                 handler_pairing_test
c0de0b48 c0de0b48        0     1                 $d.1
c0de0b4c c0de0b4c       44     4         build/nanos2/obj/app/src/helper/send_reponse.o:(.text.helper_send_response_pubkey)
c0de0b4c c0de0b4c        0     1                 $t.0
c0de0b4d c0de0b4d       44     1                 helper_send_response_pubkey
c0de0b8c c0de0b8c        0     1                 $d.1
c0de0b90 c0de0b90       18     2         build/nanos2/obj/app/src/helper/send_reponse.o:(.text.io_send_response_pointer)
c0de0b90 c0de0b90        0     1                 $t.2
c0de0b91 c0de0b91       18     1                 io_send_response_pointer
c0de0ba8 c0de0ba8       44     4         build/nanos2/obj/app/src/helper/send_reponse.o:(.text.helper_send_response_sig)
c0de0ba8 c0de0ba8        0     1                 $t.3
c0de0ba9 c0de0ba9       44     1                 helper_send_response_sig
c0de0be8 c0de0be8        0     1                 $d.4
c0de0bec c0de0bec       be     2         build/nanos2/obj/app/src/transaction/deserialize.o:(.text.transaction_deserialize)
c0de0bec c0de0bec        0     1                 $t.0
c0de0bed c0de0bed       be     1                 transaction_deserialize
c0de0caa c0de0caa       3a     2         build/nanos2/obj/app/src/transaction/utils.o:(.text.transaction_utils_check_encoding)
c0de0caa c0de0caa        0     1                 $t.0
c0de0cab c0de0cab       3a     1                 transaction_utils_check_encoding
c0de0ce4 c0de0ce4        e     2         build/nanos2/obj/app/src/ui/action/validate.o:(.text.validate_pubkey)
c0de0ce4 c0de0ce4        0     1                 $t.0
c0de0ce5 c0de0ce5        e     1                 validate_pubkey
c0de0cf2 c0de0cf2        e     2         build/nanos2/obj/app/src/ui/action/validate.o:(.text.io_send_sw)
c0de0cf2 c0de0cf2        0     1                 $t.1
c0de0cf3 c0de0cf3        e     1                 io_send_sw
c0de0d00 c0de0d00       a4     4         build/nanos2/obj/app/src/ui/action/validate.o:(.text.validate_transaction)
c0de0d00 c0de0d00        0     1                 $t.2
c0de0d01 c0de0d01       a4     1                 validate_transaction
c0de0da0 c0de0da0        0     1                 $d.3
c0de0da4 c0de0da4        6     2         build/nanos2/obj/app/src/ui/menu_nbgl.o:(.text.app_quit)
c0de0da4 c0de0da4        0     1                 $t.0
c0de0da5 c0de0da5        6     1                 app_quit
c0de0dac c0de0dac       90     4         build/nanos2/obj/app/src/ui/menu_nbgl.o:(.text.ui_menu_main)
c0de0dac c0de0dac        0     1                 $t.1
c0de0dad c0de0dad       90     1                 ui_menu_main
c0de0e10 c0de0e10        0     1                 $d.2
c0de0e3c c0de0e3c       b4     4         build/nanos2/obj/app/src/ui/menu_nbgl.o:(.text.controls_callback)
c0de0e3c c0de0e3c        0     1                 $t.3
c0de0e3d c0de0e3d       b4     1                 controls_callback
c0de0ec8 c0de0ec8        0     1                 $d.4
c0de0ef0 c0de0ef0       7c     4         build/nanos2/obj/app/src/ui/menu_nbgl.o:(.text.review_warning_choice)
c0de0ef0 c0de0ef0        0     1                 $t.5
c0de0ef1 c0de0ef1       7c     1                 review_warning_choice
c0de0f50 c0de0f50        0     1                 $d.6
c0de0f6c c0de0f6c        6     2         build/nanos2/obj/app/src/ui/menu_nbgl.o:(.text.OUTLINED_FUNCTION_0)
c0de0f6c c0de0f6c        0     1                 $t.7
c0de0f6d c0de0f6d        6     1                 OUTLINED_FUNCTION_0
c0de0f74 c0de0f74       a4     4         build/nanos2/obj/app/src/ui/nbgl_display_address.o:(.text.ui_display_address)
c0de0f74 c0de0f74        0     1                 $t.0
c0de0f75 c0de0f75       a4     1                 ui_display_address
c0de1004 c0de1004        0     1                 $d.1
c0de1018 c0de1018        e     2         build/nanos2/obj/app/src/ui/nbgl_display_address.o:(.text.io_send_sw)
c0de1018 c0de1018        0     1                 $t.2
c0de1019 c0de1019        e     1                 io_send_sw
c0de1028 c0de1028       20     4         build/nanos2/obj/app/src/ui/nbgl_display_address.o:(.text.review_choice)
c0de1028 c0de1028        0     1                 $t.3
c0de1029 c0de1029       20     1                 review_choice
c0de1044 c0de1044        0     1                 $d.4
c0de1048 c0de1048      13c     4         build/nanos2/obj/app/src/ui/nbgl_display_transaction.o:(.text.ui_display_transaction_bs_choice)
c0de1048 c0de1048        0     1                 $t.0
c0de1049 c0de1049      13c     1                 ui_display_transaction_bs_choice
c0de115c c0de115c        0     1                 $d.1
c0de1184 c0de1184        e     2         build/nanos2/obj/app/src/ui/nbgl_display_transaction.o:(.text.io_send_sw)
c0de1184 c0de1184        0     1                 $t.2
c0de1185 c0de1185        e     1                 io_send_sw
c0de1194 c0de1194       1c     4         build/nanos2/obj/app/src/ui/nbgl_display_transaction.o:(.text.review_choice)
c0de1194 c0de1194        0     1                 $t.3
c0de1195 c0de1195       1c     1                 review_choice
c0de11ac c0de11ac        0     1                 $d.4
c0de11b0 c0de11b0        6     2         build/nanos2/obj/app/src/ui/nbgl_display_transaction.o:(.text.ui_display_blind_signed_transaction)
c0de11b0 c0de11b0        0     1                 $t.5
c0de11b1 c0de11b1        6     1                 ui_display_blind_signed_transaction
c0de11b6 c0de11b6        6     2         build/nanos2/obj/app/src/ui/nbgl_display_transaction.o:(.text.ui_display_transaction)
c0de11b6 c0de11b6        0     1                 $t.6
c0de11b7 c0de11b7        6     1                 ui_display_transaction
c0de11bc c0de11bc      148     4         build/nanos2/obj/app/src/zknox/pairings/zkn_final_exp_384.o:(.text.zkn_final_exp)
c0de11bc c0de11bc        0     1                 $t.0
c0de11bd c0de11bd      148     1                 zkn_final_exp
c0de12f4 c0de12f4        0     1                 $d.1
c0de1304 c0de1304       18     2         build/nanos2/obj/app/src/zknox/pairings/zkn_final_exp_384.o:(.text.zkn_pairing)
c0de1304 c0de1304        0     1                 $t.2
c0de1305 c0de1305       18     1                 zkn_pairing
c0de131c c0de131c       18     2         build/nanos2/obj/app/src/zknox/pairings/zkn_final_exp_384.o:(.text.raise_to_z)
c0de131c c0de131c        0     1                 $t.3
c0de131d c0de131d       18     1                 raise_to_z
c0de1334 c0de1334       54     4         build/nanos2/obj/app/src/zknox/pairings/zkn_final_exp_384.o:(.text.raise_to_z_div_by_2)
c0de1334 c0de1334        0     1                 $t.4
c0de1335 c0de1335       54     1                 raise_to_z_div_by_2
c0de1384 c0de1384        0     1                 $d.5
c0de1388 c0de1388       22     2         build/nanos2/obj/app/src/zknox/pairings/zkn_final_exp_384.o:(.text.mul_n_sqr)
c0de1388 c0de1388        0     1                 $t.6
c0de1389 c0de1389       22     1                 mul_n_sqr
c0de13aa c0de13aa        8     2         build/nanos2/obj/app/src/zknox/pairings/zkn_final_exp_384.o:(.text.OUTLINED_FUNCTION_0)
c0de13aa c0de13aa        0     1                 $t.7
c0de13ab c0de13ab        8     1                 OUTLINED_FUNCTION_0
c0de13b2 c0de13b2        8     2         build/nanos2/obj/app/src/zknox/pairings/zkn_final_exp_384.o:(.text.OUTLINED_FUNCTION_1)
c0de13b2 c0de13b2        0     1                 $t.8
c0de13b3 c0de13b3        8     1                 OUTLINED_FUNCTION_1
c0de13ba c0de13ba       14     2         build/nanos2/obj/app/src/zknox/pairings/zkn_fp12_384.o:(.text.zkn_fp12_384_one)
c0de13ba c0de13ba        0     1                 $t.1
c0de13bb c0de13bb       14     1                 zkn_fp12_384_one
c0de13ce c0de13ce        8     2         build/nanos2/obj/app/src/zknox/pairings/zkn_fp12_384.o:(.text.zkn_fp12_384_copy)
c0de13ce c0de13ce        0     1                 $t.2
c0de13cf c0de13cf        8     1                 zkn_fp12_384_copy
c0de13d6 c0de13d6       1c     2         build/nanos2/obj/app/src/zknox/pairings/zkn_fp12_384.o:(.text.zkn_fp12_384_eq)
c0de13d6 c0de13d6        0     1                 $t.3
c0de13d7 c0de13d7       1c     1                 zkn_fp12_384_eq
c0de13f2 c0de13f2       1e     2         build/nanos2/obj/app/src/zknox/pairings/zkn_fp12_384.o:(.text.zkn_fp12_384_conjugate)
c0de13f2 c0de13f2        0     1                 $t.7
c0de13f3 c0de13f3       1e     1                 zkn_fp12_384_conjugate
c0de1410 c0de1410       ac     4         build/nanos2/obj/app/src/zknox/pairings/zkn_fp12_384.o:(.text.zkn_fp12_384_mul)
c0de1410 c0de1410        0     1                 $t.8
c0de1411 c0de1411       ac     1                 zkn_fp12_384_mul
c0de14b4 c0de14b4        0     1                 $d.9
c0de14bc c0de14bc       8c     4         build/nanos2/obj/app/src/zknox/pairings/zkn_fp12_384.o:(.text.zkn_fp12_384_sqr)
c0de14bc c0de14bc        0     1                 $t.10
c0de14bd c0de14bd       8c     1                 zkn_fp12_384_sqr
c0de1544 c0de1544        0     1                 $d.11
c0de1548 c0de1548       aa     2         build/nanos2/obj/app/src/zknox/pairings/zkn_fp12_384.o:(.text.zkn_fp12_384_mul_by_014)
c0de1548 c0de1548        0     1                 $t.12
c0de1549 c0de1549       aa     1                 zkn_fp12_384_mul_by_014
c0de15f2 c0de15f2       70     2         build/nanos2/obj/app/src/zknox/pairings/zkn_fp12_384.o:(.text.zkn_fp12_384_inv)
c0de15f2 c0de15f2        0     1                 $t.13
c0de15f3 c0de15f3       70     1                 zkn_fp12_384_inv
c0de1664 c0de1664      368     4         build/nanos2/obj/app/src/zknox/pairings/zkn_fp12_384.o:(.text.zkn_fp12_384_frobenius_map)
c0de1664 c0de1664        0     1                 $t.15
c0de1665 c0de1665      368     1                 zkn_fp12_384_frobenius_map
c0de19b8 c0de19b8        0     1                 $d.16
c0de19cc c0de19cc      13c     4         build/nanos2/obj/app/src/zknox/pairings/zkn_fp12_384.o:(.text.zkn_fp12_384_cyclotomic_sqr)
c0de19cc c0de19cc        0     1                 $t.17
c0de19cd c0de19cd      13c     1                 zkn_fp12_384_cyclotomic_sqr
c0de1af8 c0de1af8        0     1                 $d.18
c0de1b08 c0de1b08       16     2         build/nanos2/obj/app/src/zknox/pairings/zkn_fp12_384.o:(.text.mp_copy)
c0de1b08 c0de1b08        0     1                 $t.19
c0de1b09 c0de1b09       16     1                 mp_copy
c0de1b1e c0de1b1e       12     2         build/nanos2/obj/app/src/zknox/pairings/zkn_fp12_384.o:(.text.mp_zero)
c0de1b1e c0de1b1e        0     1                 $t.20
c0de1b1f c0de1b1f       12     1                 mp_zero
c0de1b30 c0de1b30       18     2         build/nanos2/obj/app/src/zknox/pairings/zkn_fp12_384.o:(.text.mp_len)
c0de1b30 c0de1b30        0     1                 $t.21
c0de1b31 c0de1b31       18     1                 mp_len
c0de1b48 c0de1b48        a     2         build/nanos2/obj/app/src/zknox/pairings/zkn_fp12_384.o:(.text.OUTLINED_FUNCTION_0)
c0de1b48 c0de1b48        0     1                 $t.22
c0de1b49 c0de1b49        a     1                 OUTLINED_FUNCTION_0
c0de1b52 c0de1b52        8     2         build/nanos2/obj/app/src/zknox/pairings/zkn_fp12_384.o:(.text.OUTLINED_FUNCTION_1)
c0de1b52 c0de1b52        0     1                 $t.23
c0de1b53 c0de1b53        8     1                 OUTLINED_FUNCTION_1
c0de1b5a c0de1b5a        8     2         build/nanos2/obj/app/src/zknox/pairings/zkn_fp12_384.o:(.text.OUTLINED_FUNCTION_3)
c0de1b5a c0de1b5a        0     1                 $t.25
c0de1b5b c0de1b5b        8     1                 OUTLINED_FUNCTION_3
c0de1b62 c0de1b62        a     2         build/nanos2/obj/app/src/zknox/pairings/zkn_fp12_384.o:(.text.OUTLINED_FUNCTION_4)
c0de1b62 c0de1b62        0     1                 $t.26
c0de1b63 c0de1b63        a     1                 OUTLINED_FUNCTION_4
c0de1b6c c0de1b6c       14     2         build/nanos2/obj/app/src/zknox/pairings/zkn_fp2_384.o:(.text.zkn_fp2_384_zero)
c0de1b6c c0de1b6c        0     1                 $t.0
c0de1b6d c0de1b6d       14     1                 zkn_fp2_384_zero
c0de1b80 c0de1b80       18     2         build/nanos2/obj/app/src/zknox/pairings/zkn_fp2_384.o:(.text.zkn_fp2_384_one)
c0de1b80 c0de1b80        0     1                 $t.1
c0de1b81 c0de1b81       18     1                 zkn_fp2_384_one
c0de1b98 c0de1b98        a     2         build/nanos2/obj/app/src/zknox/pairings/zkn_fp2_384.o:(.text.zkn_fp2_384_copy)
c0de1b98 c0de1b98        0     1                 $t.2
c0de1b99 c0de1b99        a     1                 zkn_fp2_384_copy
c0de1ba2 c0de1ba2       1c     2         build/nanos2/obj/app/src/zknox/pairings/zkn_fp2_384.o:(.text.zkn_fp2_384_eq)
c0de1ba2 c0de1ba2        0     1                 $t.3
c0de1ba3 c0de1ba3       1c     1                 zkn_fp2_384_eq
c0de1bbe c0de1bbe       1c     2         build/nanos2/obj/app/src/zknox/pairings/zkn_fp2_384.o:(.text.zkn_fp2_384_add)
c0de1bbe c0de1bbe        0     1                 $t.5
c0de1bbf c0de1bbf       1c     1                 zkn_fp2_384_add
c0de1bda c0de1bda       1c     2         build/nanos2/obj/app/src/zknox/pairings/zkn_fp2_384.o:(.text.zkn_fp2_384_sub)
c0de1bda c0de1bda        0     1                 $t.6
c0de1bdb c0de1bdb       1c     1                 zkn_fp2_384_sub
c0de1bf6 c0de1bf6       1e     2         build/nanos2/obj/app/src/zknox/pairings/zkn_fp2_384.o:(.text.zkn_fp2_384_neg)
c0de1bf6 c0de1bf6        0     1                 $t.7
c0de1bf7 c0de1bf7       1e     1                 zkn_fp2_384_neg
c0de1c14 c0de1c14       20     2         build/nanos2/obj/app/src/zknox/pairings/zkn_fp2_384.o:(.text.zkn_fp2_384_conjugate)
c0de1c14 c0de1c14        0     1                 $t.8
c0de1c15 c0de1c15       20     1                 zkn_fp2_384_conjugate
c0de1c34 c0de1c34       94     4         build/nanos2/obj/app/src/zknox/pairings/zkn_fp2_384.o:(.text.zkn_fp2_384_mul)
c0de1c34 c0de1c34        0     1                 $t.9
c0de1c35 c0de1c35       94     1                 zkn_fp2_384_mul
c0de1cc0 c0de1cc0        0     1                 $d.10
c0de1cc8 c0de1cc8       60     2         build/nanos2/obj/app/src/zknox/pairings/zkn_fp2_384.o:(.text.zkn_fp2_384_sqr)
c0de1cc8 c0de1cc8        0     1                 $t.11
c0de1cc9 c0de1cc9       60     1                 zkn_fp2_384_sqr
c0de1d28 c0de1d28       2e     2         build/nanos2/obj/app/src/zknox/pairings/zkn_fp2_384.o:(.text.zkn_fp2_384_norm)
c0de1d28 c0de1d28        0     1                 $t.12
c0de1d29 c0de1d29       2e     1                 zkn_fp2_384_norm
c0de1d56 c0de1d56       52     2         build/nanos2/obj/app/src/zknox/pairings/zkn_fp2_384.o:(.text.zkn_fp2_384_inv)
c0de1d56 c0de1d56        0     1                 $t.13
c0de1d57 c0de1d57       52     1                 zkn_fp2_384_inv
c0de1da8 c0de1da8       4a     2         build/nanos2/obj/app/src/zknox/pairings/zkn_fp2_384.o:(.text.zkn_fp2_384_mul_by_xi)
c0de1da8 c0de1da8        0     1                 $t.14
c0de1da9 c0de1da9       4a     1                 zkn_fp2_384_mul_by_xi
c0de1df2 c0de1df2       10     2         build/nanos2/obj/app/src/zknox/pairings/zkn_fp2_384.o:(.text.OUTLINED_FUNCTION_0)
c0de1df2 c0de1df2        0     1                 $t.15
c0de1df3 c0de1df3       10     1                 OUTLINED_FUNCTION_0
c0de1e02 c0de1e02        a     2         build/nanos2/obj/app/src/zknox/pairings/zkn_fp2_384.o:(.text.OUTLINED_FUNCTION_1)
c0de1e02 c0de1e02        0     1                 $t.16
c0de1e03 c0de1e03        a     1                 OUTLINED_FUNCTION_1
c0de1e0c c0de1e0c        a     2         build/nanos2/obj/app/src/zknox/pairings/zkn_fp2_384.o:(.text.OUTLINED_FUNCTION_2)
c0de1e0c c0de1e0c        0     1                 $t.17
c0de1e0d c0de1e0d        a     1                 OUTLINED_FUNCTION_2
c0de1e16 c0de1e16       2a     2         build/nanos2/obj/app/src/zknox/pairings/zkn_fp2_384_mul_by_fp.o:(.text.zkn_fp2_384_mul_by_fp)
c0de1e16 c0de1e16        0     1                 $t.0
c0de1e17 c0de1e17       2a     1                 zkn_fp2_384_mul_by_fp
c0de1e40 c0de1e40       7c     4         build/nanos2/obj/app/src/zknox/pairings/zkn_fp4_384.o:(.text.zkn_fp4_384_sqr)
c0de1e40 c0de1e40        0     1                 $t.6
c0de1e41 c0de1e41       7c     1                 zkn_fp4_384_sqr
c0de1eb8 c0de1eb8        0     1                 $d.7
c0de1ebc c0de1ebc       20     4         build/nanos2/obj/app/src/zknox/pairings/zkn_fp6_384.o:(.text.zkn_fp6_384_zero)
c0de1ebc c0de1ebc        0     1                 $t.0
c0de1ebd c0de1ebd       20     1                 zkn_fp6_384_zero
c0de1ed8 c0de1ed8        0     1                 $d.1
c0de1edc c0de1edc       1c     2         build/nanos2/obj/app/src/zknox/pairings/zkn_fp6_384.o:(.text.zkn_fp6_384_one)
c0de1edc c0de1edc        0     1                 $t.2
c0de1edd c0de1edd       1c     1                 zkn_fp6_384_one
c0de1ef8 c0de1ef8        c     2         build/nanos2/obj/app/src/zknox/pairings/zkn_fp6_384.o:(.text.zkn_fp6_384_copy)
c0de1ef8 c0de1ef8        0     1                 $t.3
c0de1ef9 c0de1ef9        c     1                 zkn_fp6_384_copy
c0de1f04 c0de1f04       2c     4         build/nanos2/obj/app/src/zknox/pairings/zkn_fp6_384.o:(.text.zkn_fp6_384_eq)
c0de1f04 c0de1f04        0     1                 $t.4
c0de1f05 c0de1f05       2c     1                 zkn_fp6_384_eq
c0de1f2c c0de1f2c        0     1                 $d.5
c0de1f30 c0de1f30       20     4         build/nanos2/obj/app/src/zknox/pairings/zkn_fp6_384.o:(.text.zkn_fp6_384_add)
c0de1f30 c0de1f30        0     1                 $t.6
c0de1f31 c0de1f31       20     1                 zkn_fp6_384_add
c0de1f4c c0de1f4c        0     1                 $d.7
c0de1f50 c0de1f50       20     4         build/nanos2/obj/app/src/zknox/pairings/zkn_fp6_384.o:(.text.zkn_fp6_384_sub)
c0de1f50 c0de1f50        0     1                 $t.8
c0de1f51 c0de1f51       20     1                 zkn_fp6_384_sub
c0de1f6c c0de1f6c        0     1                 $d.9
c0de1f70 c0de1f70       34     4         build/nanos2/obj/app/src/zknox/pairings/zkn_fp6_384.o:(.text.zkn_fp6_384_neg)
c0de1f70 c0de1f70        0     1                 $t.10
c0de1f71 c0de1f71       34     1                 zkn_fp6_384_neg
c0de1fa0 c0de1fa0        0     1                 $d.11
c0de1fa4 c0de1fa4      16c     4         build/nanos2/obj/app/src/zknox/pairings/zkn_fp6_384.o:(.text.zkn_fp6_384_mul)
c0de1fa4 c0de1fa4        0     1                 $t.12
c0de1fa5 c0de1fa5      16c     1                 zkn_fp6_384_mul
c0de2104 c0de2104        0     1                 $d.13
c0de2110 c0de2110      108     4         build/nanos2/obj/app/src/zknox/pairings/zkn_fp6_384.o:(.text.zkn_fp6_384_sqr)
c0de2110 c0de2110        0     1                 $t.14
c0de2111 c0de2111      108     1                 zkn_fp6_384_sqr
c0de220c c0de220c        0     1                 $d.15
c0de2218 c0de2218       dc     4         build/nanos2/obj/app/src/zknox/pairings/zkn_fp6_384.o:(.text.zkn_fp6_384_mul_by_01)
c0de2218 c0de2218        0     1                 $t.16
c0de2219 c0de2219       dc     1                 zkn_fp6_384_mul_by_01
c0de22ec c0de22ec        0     1                 $d.17
c0de22f4 c0de22f4       5c     4         build/nanos2/obj/app/src/zknox/pairings/zkn_fp6_384.o:(.text.zkn_fp6_384_mul_by_1)
c0de22f4 c0de22f4        0     1                 $t.18
c0de22f5 c0de22f5       5c     1                 zkn_fp6_384_mul_by_1
c0de234c c0de234c        0     1                 $d.19
c0de2350 c0de2350       38     4         build/nanos2/obj/app/src/zknox/pairings/zkn_fp6_384.o:(.text.zkn_fp6_384_mul_by_v)
c0de2350 c0de2350        0     1                 $t.20
c0de2351 c0de2351       38     1                 zkn_fp6_384_mul_by_v
c0de2384 c0de2384        0     1                 $d.21
c0de2388 c0de2388      138     4         build/nanos2/obj/app/src/zknox/pairings/zkn_fp6_384.o:(.text.zkn_fp6_384_inv)
c0de2388 c0de2388        0     1                 $t.24
c0de2389 c0de2389      138     1                 zkn_fp6_384_inv
c0de24b0 c0de24b0        0     1                 $d.25
c0de24c0 c0de24c0       10     2         build/nanos2/obj/app/src/zknox/pairings/zkn_fp6_384.o:(.text.OUTLINED_FUNCTION_0)
c0de24c0 c0de24c0        0     1                 $t.26
c0de24c1 c0de24c1       10     1                 OUTLINED_FUNCTION_0
c0de24d0 c0de24d0       12     2         build/nanos2/obj/app/src/zknox/pairings/zkn_fp6_384.o:(.text.OUTLINED_FUNCTION_1)
c0de24d0 c0de24d0        0     1                 $t.27
c0de24d1 c0de24d1       12     1                 OUTLINED_FUNCTION_1
c0de24e2 c0de24e2        a     2         build/nanos2/obj/app/src/zknox/pairings/zkn_fp6_384.o:(.text.OUTLINED_FUNCTION_2)
c0de24e2 c0de24e2        0     1                 $t.28
c0de24e3 c0de24e3        a     1                 OUTLINED_FUNCTION_2
c0de24ec c0de24ec       24     4         build/nanos2/obj/app/src/zknox/pairings/zkn_g1_384.o:(.text.zkn_g1_384_zero)
c0de24ec c0de24ec        0     1                 $t.0
c0de24ed c0de24ed       24     1                 zkn_g1_384_zero
c0de250c c0de250c        0     1                 $d.1
c0de2510 c0de2510       1e     2         build/nanos2/obj/app/src/zknox/pairings/zkn_g1_384.o:(.text.zkn_g1_384_is_zero)
c0de2510 c0de2510        0     1                 $t.3
c0de2511 c0de2511       1e     1                 zkn_g1_384_is_zero
c0de2530 c0de2530       38     4         build/nanos2/obj/app/src/zknox/pairings/zkn_g1_384.o:(.text.zkn_g1_384_generator)
c0de2530 c0de2530        0     1                 $t.4
c0de2531 c0de2531       38     1                 zkn_g1_384_generator
c0de2560 c0de2560        0     1                 $d.5
c0de2568 c0de2568       2c     2         build/nanos2/obj/app/src/zknox/pairings/zkn_g1_384.o:(.text.zkn_g1_384_from_affine)
c0de2568 c0de2568        0     1                 $t.6
c0de2569 c0de2569       2c     1                 zkn_g1_384_from_affine
c0de2594 c0de2594       84     4         build/nanos2/obj/app/src/zknox/pairings/zkn_g1_384.o:(.text.zkn_g1_384_to_affine)
c0de2594 c0de2594        0     1                 $t.7
c0de2595 c0de2595       84     1                 zkn_g1_384_to_affine
c0de2614 c0de2614        0     1                 $d.8
c0de2618 c0de2618       b4     4         build/nanos2/obj/app/src/zknox/pairings/zkn_g1_384.o:(.text.zkn_g1_384_on_curve)
c0de2618 c0de2618        0     1                 $t.11
c0de2619 c0de2619       b4     1                 zkn_g1_384_on_curve
c0de26c4 c0de26c4        0     1                 $d.12
c0de26cc c0de26cc       2e     2         build/nanos2/obj/app/src/zknox/pairings/zkn_g1_384.o:(.text.zkn_g1_384_neg)
c0de26cc c0de26cc        0     1                 $t.13
c0de26cd c0de26cd       2e     1                 zkn_g1_384_neg
c0de26fc c0de26fc      134     4         build/nanos2/obj/app/src/zknox/pairings/zkn_g1_384.o:(.text.zkn_g1_384_dbl)
c0de26fc c0de26fc        0     1                 $t.14
c0de26fd c0de26fd      134     1                 zkn_g1_384_dbl
c0de2820 c0de2820        0     1                 $d.15
c0de2830 c0de2830      1c0     4         build/nanos2/obj/app/src/zknox/pairings/zkn_g1_384.o:(.text.zkn_g1_384_add)
c0de2830 c0de2830        0     1                 $t.16
c0de2831 c0de2831      1c0     1                 zkn_g1_384_add
c0de29e8 c0de29e8        0     1                 $d.17
c0de29f0 c0de29f0       80     2         build/nanos2/obj/app/src/zknox/pairings/zkn_g1_384.o:(.text.zkn_g1_384_mul)
c0de29f0 c0de29f0        0     1                 $t.20
c0de29f1 c0de29f1       80     1                 zkn_g1_384_mul
c0de2a70 c0de2a70        a     2         build/nanos2/obj/app/src/zknox/pairings/zkn_g1_384.o:(.text.OUTLINED_FUNCTION_0)
c0de2a70 c0de2a70        0     1                 $t.21
c0de2a71 c0de2a71        a     1                 OUTLINED_FUNCTION_0
c0de2a7a c0de2a7a        8     2         build/nanos2/obj/app/src/zknox/pairings/zkn_g1_384.o:(.text.OUTLINED_FUNCTION_1)
c0de2a7a c0de2a7a        0     1                 $t.22
c0de2a7b c0de2a7b        8     1                 OUTLINED_FUNCTION_1
c0de2a82 c0de2a82        8     2         build/nanos2/obj/app/src/zknox/pairings/zkn_g1_384.o:(.text.OUTLINED_FUNCTION_2)
c0de2a82 c0de2a82        0     1                 $t.23
c0de2a83 c0de2a83        8     1                 OUTLINED_FUNCTION_2
c0de2a8a c0de2a8a        6     2         build/nanos2/obj/app/src/zknox/pairings/zkn_g1_384.o:(.text.OUTLINED_FUNCTION_3)
c0de2a8a c0de2a8a        0     1                 $t.24
c0de2a8b c0de2a8b        6     1                 OUTLINED_FUNCTION_3
c0de2a90 c0de2a90        a     2         build/nanos2/obj/app/src/zknox/pairings/zkn_g1_384.o:(.text.OUTLINED_FUNCTION_4)
c0de2a90 c0de2a90        0     1                 $t.25
c0de2a91 c0de2a91        a     1                 OUTLINED_FUNCTION_4
c0de2a9a c0de2a9a        a     2         build/nanos2/obj/app/src/zknox/pairings/zkn_g1_384.o:(.text.OUTLINED_FUNCTION_5)
c0de2a9a c0de2a9a        0     1                 $t.26
c0de2a9b c0de2a9b        a     1                 OUTLINED_FUNCTION_5
c0de2aa4 c0de2aa4       24     4         build/nanos2/obj/app/src/zknox/pairings/zkn_g2_384.o:(.text.zkn_g2_384_zero)
c0de2aa4 c0de2aa4        0     1                 $t.0
c0de2aa5 c0de2aa5       24     1                 zkn_g2_384_zero
c0de2ac4 c0de2ac4        0     1                 $d.1
c0de2ac8 c0de2ac8        6     2         build/nanos2/obj/app/src/zknox/pairings/zkn_g2_384.o:(.text.zkn_g2_384_is_zero)
c0de2ac8 c0de2ac8        0     1                 $t.3
c0de2ac9 c0de2ac9        6     1                 zkn_g2_384_is_zero
c0de2ace c0de2ace       2a     2         build/nanos2/obj/app/src/zknox/pairings/zkn_g2_384.o:(.text.fp2_is_zero)
c0de2ace c0de2ace        0     1                 $t.4
c0de2acf c0de2acf       2a     1                 fp2_is_zero
c0de2af8 c0de2af8       5c     4         build/nanos2/obj/app/src/zknox/pairings/zkn_g2_384.o:(.text.zkn_g2_384_generator)
c0de2af8 c0de2af8        0     1                 $t.5
c0de2af9 c0de2af9       5c     1                 zkn_g2_384_generator
c0de2b40 c0de2b40        0     1                 $d.6
c0de2b54 c0de2b54       48     4         build/nanos2/obj/app/src/zknox/pairings/zkn_g2_384.o:(.text.zkn_g2_384_from_affine)
c0de2b54 c0de2b54        0     1                 $t.7
c0de2b55 c0de2b55       48     1                 zkn_g2_384_from_affine
c0de2b98 c0de2b98        0     1                 $d.8
c0de2b9c c0de2b9c       5c     4         build/nanos2/obj/app/src/zknox/pairings/zkn_g2_384.o:(.text.zkn_g2_384_to_affine)
c0de2b9c c0de2b9c        0     1                 $t.9
c0de2b9d c0de2b9d       5c     1                 zkn_g2_384_to_affine
c0de2bf4 c0de2bf4        0     1                 $d.10
c0de2bf8 c0de2bf8       b8     4         build/nanos2/obj/app/src/zknox/pairings/zkn_g2_384.o:(.text.zkn_g2_384_on_curve)
c0de2bf8 c0de2bf8        0     1                 $t.13
c0de2bf9 c0de2bf9       b8     1                 zkn_g2_384_on_curve
c0de2ca8 c0de2ca8        0     1                 $d.14
c0de2cb0 c0de2cb0      118     4         build/nanos2/obj/app/src/zknox/pairings/zkn_g2_384.o:(.text.zkn_g2_384_dbl)
c0de2cb0 c0de2cb0        0     1                 $t.16
c0de2cb1 c0de2cb1      118     1                 zkn_g2_384_dbl
c0de2db8 c0de2db8        0     1                 $d.17
c0de2dc8 c0de2dc8      184     4         build/nanos2/obj/app/src/zknox/pairings/zkn_g2_384.o:(.text.zkn_g2_384_add)
c0de2dc8 c0de2dc8        0     1                 $t.18
c0de2dc9 c0de2dc9      184     1                 zkn_g2_384_add
c0de2f44 c0de2f44        0     1                 $d.19
c0de2f4c c0de2f4c       80     2         build/nanos2/obj/app/src/zknox/pairings/zkn_g2_384.o:(.text.zkn_g2_384_mul)
c0de2f4c c0de2f4c        0     1                 $t.22
c0de2f4d c0de2f4d       80     1                 zkn_g2_384_mul
c0de2fcc c0de2fcc        8     2         build/nanos2/obj/app/src/zknox/pairings/zkn_g2_384.o:(.text.OUTLINED_FUNCTION_0)
c0de2fcc c0de2fcc        0     1                 $t.23
c0de2fcd c0de2fcd        8     1                 OUTLINED_FUNCTION_0
c0de2fd4 c0de2fd4        a     2         build/nanos2/obj/app/src/zknox/pairings/zkn_g2_384.o:(.text.OUTLINED_FUNCTION_1)
c0de2fd4 c0de2fd4        0     1                 $t.24
c0de2fd5 c0de2fd5        a     1                 OUTLINED_FUNCTION_1
c0de2fde c0de2fde        6     2         build/nanos2/obj/app/src/zknox/pairings/zkn_g2_384.o:(.text.OUTLINED_FUNCTION_2)
c0de2fde c0de2fde        0     1                 $t.25
c0de2fdf c0de2fdf        6     1                 OUTLINED_FUNCTION_2
c0de2fe4 c0de2fe4        a     2         build/nanos2/obj/app/src/zknox/pairings/zkn_g2_384.o:(.text.OUTLINED_FUNCTION_4)
c0de2fe4 c0de2fe4        0     1                 $t.27
c0de2fe5 c0de2fe5        a     1                 OUTLINED_FUNCTION_4
c0de2ff0 c0de2ff0      26c     4         build/nanos2/obj/app/src/zknox/pairings/zkn_groth16.o:(.text.zkn_groth16_verify)
c0de2ff0 c0de2ff0        0     1                 $t.0
c0de2ff1 c0de2ff1      26c     1                 zkn_groth16_verify
c0de3218 c0de3218        0     1                 $d.1
c0de325c c0de325c       32     2         build/nanos2/obj/app/src/zknox/pairings/zkn_groth16.o:(.text.load_g1)
c0de325c c0de325c        0     1                 $t.2
c0de325d c0de325d       32     1                 load_g1
c0de3290 c0de3290       44     4         build/nanos2/obj/app/src/zknox/pairings/zkn_groth16.o:(.text.load_g2)
c0de3290 c0de3290        0     1                 $t.3
c0de3291 c0de3291       44     1                 load_g2
c0de32d0 c0de32d0        0     1                 $d.4
c0de32d4 c0de32d4        a     2         build/nanos2/obj/app/src/zknox/pairings/zkn_groth16.o:(.text.OUTLINED_FUNCTION_0)
c0de32d4 c0de32d4        0     1                 $t.5
c0de32d5 c0de32d5        a     1                 OUTLINED_FUNCTION_0
c0de32e0 c0de32e0       ec     4         build/nanos2/obj/app/src/zknox/pairings/zkn_miller.o:(.text.zkn_miller_loop)
c0de32e0 c0de32e0        0     1                 $t.0
c0de32e1 c0de32e1       ec     1                 zkn_miller_loop
c0de33c8 c0de33c8        0     1                 $d.1
c0de33cc c0de33cc       24     2         build/nanos2/obj/app/src/zknox/pairings/zkn_miller.o:(.text.g1_affine_to_mont)
c0de33cc c0de33cc        0     1                 $t.2
c0de33cd c0de33cd       24     1                 g1_affine_to_mont
c0de33f0 c0de33f0      18c     4         build/nanos2/obj/app/src/zknox/pairings/zkn_miller.o:(.text.dbl_step_raw)
c0de33f0 c0de33f0        0     1                 $t.5
c0de33f1 c0de33f1      18c     1                 dbl_step_raw
c0de356c c0de356c        0     1                 $d.6
c0de357c c0de357c       36     2         build/nanos2/obj/app/src/zknox/pairings/zkn_miller.o:(.text.apply_p_to_line)
c0de357c c0de357c        0     1                 $t.10
c0de357d c0de357d       36     1                 apply_p_to_line
c0de35b4 c0de35b4      224     4         build/nanos2/obj/app/src/zknox/pairings/zkn_miller.o:(.text.zkn_miller_loop_n)
c0de35b4 c0de35b4        0     1                 $t.12
c0de35b5 c0de35b5      224     1                 zkn_miller_loop_n
c0de37d4 c0de37d4        0     1                 $d.13
c0de37d8 c0de37d8       dc     2         build/nanos2/obj/app/src/zknox/pairings/zkn_miller.o:(.text.add_n_dbl_n)
c0de37d8 c0de37d8        0     1                 $t.14
c0de37d9 c0de37d9       dc     1                 add_n_dbl_n
c0de38b4 c0de38b4      19c     4         build/nanos2/obj/app/src/zknox/pairings/zkn_miller.o:(.text.add_step_raw)
c0de38b4 c0de38b4        0     1                 $t.15
c0de38b5 c0de38b5      19c     1                 add_step_raw
c0de3a40 c0de3a40        0     1                 $d.16
c0de3a50 c0de3a50       10     2         build/nanos2/obj/app/src/zknox/pairings/zkn_miller.o:(.text.OUTLINED_FUNCTION_2)
c0de3a50 c0de3a50        0     1                 $t.19
c0de3a51 c0de3a51       10     1                 OUTLINED_FUNCTION_2
c0de3a60 c0de3a60        a     2         build/nanos2/obj/app/src/zknox/pairings/zkn_miller.o:(.text.OUTLINED_FUNCTION_3)
c0de3a60 c0de3a60        0     1                 $t.20
c0de3a61 c0de3a61        a     1                 OUTLINED_FUNCTION_3
c0de3a6a c0de3a6a        c     2         build/nanos2/obj/app/src/zknox/pairings/zkn_miller.o:(.text.OUTLINED_FUNCTION_4)
c0de3a6a c0de3a6a        0     1                 $t.21
c0de3a6b c0de3a6b        c     1                 OUTLINED_FUNCTION_4
c0de3a76 c0de3a76        a     2         build/nanos2/obj/app/src/zknox/pairings/zkn_miller.o:(.text.OUTLINED_FUNCTION_5)
c0de3a76 c0de3a76        0     1                 $t.22
c0de3a77 c0de3a77        a     1                 OUTLINED_FUNCTION_5
c0de3a80 c0de3a80        a     2         build/nanos2/obj/app/src/zknox/pairings/zkn_miller.o:(.text.OUTLINED_FUNCTION_6)
c0de3a80 c0de3a80        0     1                 $t.23
c0de3a81 c0de3a81        a     1                 OUTLINED_FUNCTION_6
c0de3a8a c0de3a8a        a     2         build/nanos2/obj/app/src/zknox/pairings/zkn_miller.o:(.text.OUTLINED_FUNCTION_7)
c0de3a8a c0de3a8a        0     1                 $t.24
c0de3a8b c0de3a8b        a     1                 OUTLINED_FUNCTION_7
c0de3a94 c0de3a94        a     2         build/nanos2/obj/app/src/zknox/pairings/zkn_miller.o:(.text.OUTLINED_FUNCTION_8)
c0de3a94 c0de3a94        0     1                 $t.25
c0de3a95 c0de3a95        a     1                 OUTLINED_FUNCTION_8
c0de3a9e c0de3a9e       18     2         build/nanos2/obj/app/src/zknox/pairings/zkn_mont384.o:(.text.zkn_mont384_compute_n0)
c0de3a9e c0de3a9e        0     1                 $t.1
c0de3a9f c0de3a9f       18     1                 zkn_mont384_compute_n0
c0de3ab6 c0de3ab6       8a     2         build/nanos2/obj/app/src/zknox/pairings/zkn_mont384.o:(.text.zkn_mont_ctx384_init)
c0de3ab6 c0de3ab6        0     1                 $t.2
c0de3ab7 c0de3ab7       8a     1                 zkn_mont_ctx384_init
c0de3b40 c0de3b40       12     2         build/nanos2/obj/app/src/zknox/pairings/zkn_mont384.o:(.text.zkn_to_mont_384)
c0de3b40 c0de3b40        0     1                 $t.3
c0de3b41 c0de3b41       12     1                 zkn_to_mont_384
c0de3b52 c0de3b52       30     2         build/nanos2/obj/app/src/zknox/pairings/zkn_mont384.o:(.text.zkn_fe384_from_be)
c0de3b52 c0de3b52        0     1                 $t.4
c0de3b53 c0de3b53       30     1                 zkn_fe384_from_be
c0de3b82 c0de3b82       2c     2         build/nanos2/obj/app/src/zknox/pairings/zkn_mont384.o:(.text.zkn_fe384_to_be)
c0de3b82 c0de3b82        0     1                 $t.5
c0de3b83 c0de3b83       2c     1                 zkn_fe384_to_be
c0de3bae c0de3bae       22     2         build/nanos2/obj/app/src/zknox/pairings/zkn_mont384.o:(.text.zkn_fe384_eq)
c0de3bae c0de3bae        0     1                 $t.6
c0de3baf c0de3baf       22     1                 zkn_fe384_eq
c0de3bd0 c0de3bd0        a     2         build/nanos2/obj/app/src/zknox/pairings/zkn_mont384.o:(.text.zkn_fe384_zero)
c0de3bd0 c0de3bd0        0     1                 $t.7
c0de3bd1 c0de3bd1        a     1                 zkn_fe384_zero
c0de3bda c0de3bda       24     2         build/nanos2/obj/app/src/zknox/pairings/zkn_mont384.o:(.text.zkn_neg_mod_384)
c0de3bda c0de3bda        0     1                 $t.9
c0de3bdb c0de3bdb       24     1                 zkn_neg_mod_384
c0de3bfe c0de3bfe       8e     2         build/nanos2/obj/app/src/zknox/pairings/zkn_mont384.o:(.text.zkn_exp_mont_384)
c0de3bfe c0de3bfe        0     1                 $t.10
c0de3bff c0de3bff       8e     1                 zkn_exp_mont_384
c0de3c8c c0de3c8c       56     2         build/nanos2/obj/app/src/zknox/pairings/zkn_mont384.o:(.text.zkn_inv_mont_384)
c0de3c8c c0de3c8c        0     1                 $t.11
c0de3c8d c0de3c8d       56     1                 zkn_inv_mont_384
c0de3ce4 c0de3ce4       30     4         build/nanos2/obj/app/src/zknox/pairings/zkn_mont384.o:(.text.zkn_bls12381_ctx)
c0de3ce4 c0de3ce4        0     1                 $t.12
c0de3ce5 c0de3ce5       30     1                 zkn_bls12381_ctx
c0de3d08 c0de3d08        0     1                 $d.13
c0de3d14 c0de3d14      578     4         build/nanos2/obj/app/src/zknox/pairings/zkn_mont384_arm32.o:(.text)
c0de3d14 c0de3d14        0     1                 $t.0
c0de3d15 c0de3d15        4     1                 zkn_mul_mont_384
c0de3d19 c0de3d19      33a     1                 zkn_mul_mont_384_stk
c0de4055 c0de4055       10     1                 zkn_sqr_mont_384
c0de4065 c0de4065       f4     1                 zkn_add_mod_384
c0de4159 c0de4159       fa     1                 zkn_sub_mod_384
c0de4255 c0de4255       38     1                 zkn_from_mont_384
c0de428c c0de428c      1ac     4         build/nanos2/obj/app/src/zknox/pairings/zkn_pairing_384.o:(.text.zkn_miller_doubling_step)
c0de428c c0de428c        0     1                 $t.0
c0de428d c0de428d      1ac     1                 zkn_miller_doubling_step
c0de4428 c0de4428        0     1                 $d.1
c0de4438 c0de4438      1b8     4         build/nanos2/obj/app/src/zknox/pairings/zkn_pairing_384.o:(.text.zkn_miller_addition_step)
c0de4438 c0de4438        0     1                 $t.2
c0de4439 c0de4439      1b8     1                 zkn_miller_addition_step
c0de45e0 c0de45e0        0     1                 $d.3
c0de45f0 c0de45f0        a     2         build/nanos2/obj/app/src/zknox/pairings/zkn_pairing_384.o:(.text.OUTLINED_FUNCTION_0)
c0de45f0 c0de45f0        0     1                 $t.4
c0de45f1 c0de45f1        a     1                 OUTLINED_FUNCTION_0
c0de45fa c0de45fa        a     2         build/nanos2/obj/app/src/zknox/pairings/zkn_pairing_384.o:(.text.OUTLINED_FUNCTION_1)
c0de45fa c0de45fa        0     1                 $t.5
c0de45fb c0de45fb        a     1                 OUTLINED_FUNCTION_1
c0de4604 c0de4604       d6     2         build/nanos2/obj/sdk/io/src/os_io_default_apdu.o:(.text.os_io_handle_default_apdu)
c0de4604 c0de4604        0     1                 $t.0
c0de4605 c0de4605       d6     1                 os_io_handle_default_apdu
c0de46da c0de46da        e     2         build/nanos2/obj/sdk/io/src/os_io_default_apdu.o:(.text.OUTLINED_FUNCTION_0)
c0de46da c0de46da        0     1                 $t.1
c0de46db c0de46db        e     1                 OUTLINED_FUNCTION_0
c0de46e8 c0de46e8       1c     2         build/nanos2/obj/sdk/io/src/os_io_seph_ux.o:(.text.io_process_itc_ux_event)
c0de46e8 c0de46e8        0     1                 $t.2
c0de46e9 c0de46e9       1c     1                 io_process_itc_ux_event
c0de4704 c0de4704       28     4         build/nanos2/obj/sdk/io_legacy/src/os_io_legacy.o:(.text.io_legacy_apdu_tx)
c0de4704 c0de4704        0     1                 $t.12
c0de4705 c0de4705       28     1                 io_legacy_apdu_tx
c0de4724 c0de4724        0     1                 $d.13
c0de472c c0de472c      1b8     4         build/nanos2/obj/sdk/io_legacy/src/os_io_legacy.o:(.text.io_legacy_apdu_rx)
c0de472c c0de472c        0     1                 $t.14
c0de472d c0de472d      1b8     1                 io_legacy_apdu_rx
c0de48c8 c0de48c8        0     1                 $d.15
c0de48e4 c0de48e4       38     4         build/nanos2/obj/sdk/io_legacy/src/os_io_legacy.o:(.text.io_seproxyhal_init)
c0de48e4 c0de48e4        0     1                 $t.16
c0de48e5 c0de48e5       38     1                 io_seproxyhal_init
c0de4918 c0de4918        0     1                 $d.17
c0de491c c0de491c       78     4         build/nanos2/obj/sdk/lib_nbgl/src/nbgl_layout_nanos.o:(.text.nbgl_layoutGet)
c0de491c c0de491c        0     1                 $t.1
c0de491d c0de491d       78     1                 nbgl_layoutGet
c0de498c c0de498c        0     1                 $d.2
c0de4994 c0de4994       50     4         build/nanos2/obj/sdk/lib_nbgl/src/nbgl_layout_nanos.o:(.text.buttonCallback)
c0de4994 c0de4994        0     1                 $t.3
c0de4995 c0de4995       50     1                 buttonCallback
c0de49e0 c0de49e0        0     1                 $d.4
c0de49e4 c0de49e4       bc     4         build/nanos2/obj/sdk/lib_nbgl/src/nbgl_layout_nanos.o:(.text.nbgl_layoutAddNavigation)
c0de49e4 c0de49e4        0     1                 $t.5
c0de49e5 c0de49e5       bc     1                 nbgl_layoutAddNavigation
c0de4a90 c0de4a90        0     1                 $d.6
c0de4aa0 c0de4aa0      380     4         build/nanos2/obj/sdk/lib_nbgl/src/nbgl_layout_nanos.o:(.text.nbgl_layoutAddText)
c0de4aa0 c0de4aa0        0     1                 $t.7
c0de4aa1 c0de4aa1      380     1                 nbgl_layoutAddText
c0de4e1c c0de4e1c        0     1                 $d.8
c0de4e20 c0de4e20       a8     2         build/nanos2/obj/sdk/lib_nbgl/src/nbgl_layout_nanos.o:(.text.nbgl_layoutAddMenuList)
c0de4e20 c0de4e20        0     1                 $t.9
c0de4e21 c0de4e21       a8     1                 nbgl_layoutAddMenuList
c0de4ec8 c0de4ec8      340     2         build/nanos2/obj/sdk/lib_nbgl/src/nbgl_layout_nanos.o:(.text.nbgl_layoutAddCenteredInfo)
c0de4ec8 c0de4ec8        0     1                 $t.10
c0de4ec9 c0de4ec9      340     1                 nbgl_layoutAddCenteredInfo
c0de5208 c0de5208      1e8     4         build/nanos2/obj/sdk/lib_nbgl/src/nbgl_layout_nanos.o:(.text.nbgl_layoutAddSwitch)
c0de5208 c0de5208        0     1                 $t.13
c0de5209 c0de5209      1e8     1                 nbgl_layoutAddSwitch
c0de53e0 c0de53e0        0     1                 $d.14
c0de53f0 c0de53f0       10     2         build/nanos2/obj/sdk/lib_nbgl/src/nbgl_layout_nanos.o:(.text.nbgl_layoutDraw)
c0de53f0 c0de53f0        0     1                 $t.15
c0de53f1 c0de53f1       10     1                 nbgl_layoutDraw
c0de5400 c0de5400       1a     2         build/nanos2/obj/sdk/lib_nbgl/src/nbgl_layout_nanos.o:(.text.nbgl_layoutRelease)
c0de5400 c0de5400        0     1                 $t.16
c0de5401 c0de5401       1a     1                 nbgl_layoutRelease
c0de541a c0de541a       26     2         build/nanos2/obj/sdk/lib_nbgl/src/nbgl_layout_nanos.o:(.text.OUTLINED_FUNCTION_0)
c0de541a c0de541a        0     1                 $t.17
c0de541b c0de541b       26     1                 OUTLINED_FUNCTION_0
c0de5440 c0de5440       1a     2         build/nanos2/obj/sdk/lib_nbgl/src/nbgl_layout_nanos.o:(.text.OUTLINED_FUNCTION_2)
c0de5440 c0de5440        0     1                 $t.19
c0de5441 c0de5441       1a     1                 OUTLINED_FUNCTION_2
c0de545a c0de545a       12     2         build/nanos2/obj/sdk/lib_nbgl/src/nbgl_layout_nanos.o:(.text.OUTLINED_FUNCTION_3)
c0de545a c0de545a        0     1                 $t.20
c0de545b c0de545b       12     1                 OUTLINED_FUNCTION_3
c0de546c c0de546c        a     2         build/nanos2/obj/sdk/lib_nbgl/src/nbgl_layout_nanos.o:(.text.OUTLINED_FUNCTION_4)
c0de546c c0de546c        0     1                 $t.21
c0de546d c0de546d        a     1                 OUTLINED_FUNCTION_4
c0de5476 c0de5476        6     2         build/nanos2/obj/sdk/lib_nbgl/src/nbgl_layout_nanos.o:(.text.OUTLINED_FUNCTION_5)
c0de5476 c0de5476        0     1                 $t.22
c0de5477 c0de5477        6     1                 OUTLINED_FUNCTION_5
c0de547c c0de547c        8     2         build/nanos2/obj/sdk/lib_nbgl/src/nbgl_layout_nanos.o:(.text.OUTLINED_FUNCTION_6)
c0de547c c0de547c        0     1                 $t.23
c0de547d c0de547d        8     1                 OUTLINED_FUNCTION_6
c0de5484 c0de5484       10     2         build/nanos2/obj/sdk/lib_nbgl/src/nbgl_layout_nanos.o:(.text.OUTLINED_FUNCTION_7)
c0de5484 c0de5484        0     1                 $t.24
c0de5485 c0de5485       10     1                 OUTLINED_FUNCTION_7
c0de5494 c0de5494        6     2         build/nanos2/obj/sdk/lib_nbgl/src/nbgl_layout_nanos.o:(.text.OUTLINED_FUNCTION_8)
c0de5494 c0de5494        0     1                 $t.25
c0de5495 c0de5495        6     1                 OUTLINED_FUNCTION_8
c0de549a c0de549a        e     2         build/nanos2/obj/sdk/lib_nbgl/src/nbgl_layout_nanos.o:(.text.OUTLINED_FUNCTION_9)
c0de549a c0de549a        0     1                 $t.26
c0de549b c0de549b        e     1                 OUTLINED_FUNCTION_9
c0de54a8 c0de54a8       72     2         build/nanos2/obj/sdk/lib_nbgl/src/nbgl_step.o:(.text.nbgl_stepDrawText)
c0de54a8 c0de54a8        0     1                 $t.0
c0de54a9 c0de54a9       72     1                 nbgl_stepDrawText
c0de551c c0de551c       4c     4         build/nanos2/obj/sdk/lib_nbgl/src/nbgl_step.o:(.text.getFreeContext)
c0de551c c0de551c        0     1                 $t.1
c0de551d c0de551d       4c     1                 getFreeContext
c0de5564 c0de5564        0     1                 $d.2
c0de5568 c0de5568      1cc     4         build/nanos2/obj/sdk/lib_nbgl/src/nbgl_step.o:(.text.displayTextPage)
c0de5568 c0de5568        0     1                 $t.3
c0de5569 c0de5569      1cc     1                 displayTextPage
c0de572c c0de572c        0     1                 $d.4
c0de5734 c0de5734       7c     4         build/nanos2/obj/sdk/lib_nbgl/src/nbgl_step.o:(.text.nbgl_stepDrawCenteredInfo)
c0de5734 c0de5734        0     1                 $t.5
c0de5735 c0de5735       7c     1                 nbgl_stepDrawCenteredInfo
c0de57ac c0de57ac        0     1                 $d.6
c0de57b0 c0de57b0       6c     2         build/nanos2/obj/sdk/lib_nbgl/src/nbgl_step.o:(.text.actionCallback)
c0de57b0 c0de57b0        0     1                 $t.7
c0de57b1 c0de57b1       6c     1                 actionCallback
c0de581c c0de581c       38     2         build/nanos2/obj/sdk/lib_nbgl/src/nbgl_step.o:(.text.getNavigationInfo)
c0de581c c0de581c        0     1                 $t.8
c0de581d c0de581d       38     1                 getNavigationInfo
c0de5854 c0de5854       36     2         build/nanos2/obj/sdk/lib_nbgl/src/nbgl_step.o:(.text.nbgl_stepDrawMenuList)
c0de5854 c0de5854        0     1                 $t.9
c0de5855 c0de5855       36     1                 nbgl_stepDrawMenuList
c0de588c c0de588c       78     4         build/nanos2/obj/sdk/lib_nbgl/src/nbgl_step.o:(.text.displayMenuList)
c0de588c c0de588c        0     1                 $t.10
c0de588d c0de588d       78     1                 displayMenuList
c0de5900 c0de5900        0     1                 $d.11
c0de5904 c0de5904       7c     4         build/nanos2/obj/sdk/lib_nbgl/src/nbgl_step.o:(.text.nbgl_stepDrawSwitch)
c0de5904 c0de5904        0     1                 $t.13
c0de5905 c0de5905       7c     1                 nbgl_stepDrawSwitch
c0de597c c0de597c        0     1                 $d.14
c0de5980 c0de5980       18     2         build/nanos2/obj/sdk/lib_nbgl/src/nbgl_step.o:(.text.nbgl_stepRelease)
c0de5980 c0de5980        0     1                 $t.15
c0de5981 c0de5981       18     1                 nbgl_stepRelease
c0de5998 c0de5998       28     4         build/nanos2/obj/sdk/lib_nbgl/src/nbgl_step.o:(.text.getContextFromLayout)
c0de5998 c0de5998        0     1                 $t.16
c0de5999 c0de5999       28     1                 getContextFromLayout
c0de59bc c0de59bc        0     1                 $d.17
c0de59c0 c0de59c0       40     2         build/nanos2/obj/sdk/lib_nbgl/src/nbgl_step.o:(.text.menuListActionCallback)
c0de59c0 c0de59c0        0     1                 $t.18
c0de59c1 c0de59c1       40     1                 menuListActionCallback
c0de5a00 c0de5a00       8e     2         build/nanos2/obj/sdk/lib_nbgl/src/nbgl_step.o:(.text.OUTLINED_FUNCTION_0)
c0de5a00 c0de5a00        0     1                 $t.19
c0de5a01 c0de5a01       8e     1                 OUTLINED_FUNCTION_0
c0de5a8e c0de5a8e       4a     2         build/nanos2/obj/sdk/lib_nbgl/src/nbgl_step.o:(.text.OUTLINED_FUNCTION_1)
c0de5a8e c0de5a8e        0     1                 $t.20
c0de5a8f c0de5a8f       4a     1                 OUTLINED_FUNCTION_1
c0de5ad8 c0de5ad8       12     2         build/nanos2/obj/sdk/lib_nbgl/src/nbgl_step.o:(.text.OUTLINED_FUNCTION_2)
c0de5ad8 c0de5ad8        0     1                 $t.21
c0de5ad9 c0de5ad9       12     1                 OUTLINED_FUNCTION_2
c0de5aea c0de5aea        a     2         build/nanos2/obj/sdk/lib_nbgl/src/nbgl_step.o:(.text.OUTLINED_FUNCTION_3)
c0de5aea c0de5aea        0     1                 $t.22
c0de5aeb c0de5aeb        a     1                 OUTLINED_FUNCTION_3
c0de5af4 c0de5af4        6     2         build/nanos2/obj/sdk/lib_nbgl/src/nbgl_step.o:(.text.OUTLINED_FUNCTION_4)
c0de5af4 c0de5af4        0     1                 $t.23
c0de5af5 c0de5af5        6     1                 OUTLINED_FUNCTION_4
c0de5afa c0de5afa        e     2         build/nanos2/obj/sdk/lib_nbgl/src/nbgl_step.o:(.text.OUTLINED_FUNCTION_5)
c0de5afa c0de5afa        0     1                 $t.24
c0de5afb c0de5afb        e     1                 OUTLINED_FUNCTION_5
c0de5b08 c0de5b08       4c     4         build/nanos2/obj/sdk/lib_nbgl/src/nbgl_use_case_nanos.o:(.text.nbgl_useCaseHomeAndSettings)
c0de5b08 c0de5b08        0     1                 $t.11
c0de5b09 c0de5b09       4c     1                 nbgl_useCaseHomeAndSettings
c0de5b50 c0de5b50        0     1                 $d.12
c0de5b54 c0de5b54       78     4         build/nanos2/obj/sdk/lib_nbgl/src/nbgl_use_case_nanos.o:(.text.startUseCaseSettingsAtPage)
c0de5b54 c0de5b54        0     1                 $t.13
c0de5b55 c0de5b55       78     1                 startUseCaseSettingsAtPage
c0de5bc8 c0de5bc8        0     1                 $d.14
c0de5bcc c0de5bcc       8c     4         build/nanos2/obj/sdk/lib_nbgl/src/nbgl_use_case_nanos.o:(.text.startUseCaseHome)
c0de5bcc c0de5bcc        0     1                 $t.15
c0de5bcd c0de5bcd       8c     1                 startUseCaseHome
c0de5c54 c0de5c54        0     1                 $d.16
c0de5c58 c0de5c58       20     2         build/nanos2/obj/sdk/lib_nbgl/src/nbgl_use_case_nanos.o:(.text.nbgl_useCaseReview)
c0de5c58 c0de5c58        0     1                 $t.20
c0de5c59 c0de5c59       20     1                 nbgl_useCaseReview
c0de5c78 c0de5c78       50     4         build/nanos2/obj/sdk/lib_nbgl/src/nbgl_use_case_nanos.o:(.text.useCaseReview)
c0de5c78 c0de5c78        0     1                 $t.21
c0de5c79 c0de5c79       50     1                 useCaseReview
c0de5cc4 c0de5cc4        0     1                 $d.22
c0de5cc8 c0de5cc8       e0     4         build/nanos2/obj/sdk/lib_nbgl/src/nbgl_use_case_nanos.o:(.text.nbgl_useCaseAdvancedReview)
c0de5cc8 c0de5cc8        0     1                 $t.23
c0de5cc9 c0de5cc9       e0     1                 nbgl_useCaseAdvancedReview
c0de5da4 c0de5da4        0     1                 $d.24
c0de5da8 c0de5da8       18     4         build/nanos2/obj/sdk/lib_nbgl/src/nbgl_use_case_nanos.o:(.text.displayPrelude)
c0de5da8 c0de5da8        0     1                 $t.25
c0de5da9 c0de5da9       18     1                 displayPrelude
c0de5dbc c0de5dbc        0     1                 $d.26
c0de5dc0 c0de5dc0       18     4         build/nanos2/obj/sdk/lib_nbgl/src/nbgl_use_case_nanos.o:(.text.displayInitialWarning)
c0de5dc0 c0de5dc0        0     1                 $t.27
c0de5dc1 c0de5dc1       18     1                 displayInitialWarning
c0de5dd4 c0de5dd4        0     1                 $d.28
c0de5dd8 c0de5dd8       24     4         build/nanos2/obj/sdk/lib_nbgl/src/nbgl_use_case_nanos.o:(.text.nbgl_useCaseReviewBlindSigning)
c0de5dd8 c0de5dd8        0     1                 $t.29
c0de5dd9 c0de5dd9       24     1                 nbgl_useCaseReviewBlindSigning
c0de5df8 c0de5df8        0     1                 $d.30
c0de5dfc c0de5dfc       68     4         build/nanos2/obj/sdk/lib_nbgl/src/nbgl_use_case_nanos.o:(.text.nbgl_useCaseAddressReview)
c0de5dfc c0de5dfc        0     1                 $t.32
c0de5dfd c0de5dfd       68     1                 nbgl_useCaseAddressReview
c0de5e60 c0de5e60        0     1                 $d.33
c0de5e64 c0de5e64      198     4         build/nanos2/obj/sdk/lib_nbgl/src/nbgl_use_case_nanos.o:(.text.displayReviewPage)
c0de5e64 c0de5e64        0     1                 $t.34
c0de5e65 c0de5e65      198     1                 displayReviewPage
c0de5fe0 c0de5fe0        0     1                 $d.35
c0de5ffc c0de5ffc       40     4         build/nanos2/obj/sdk/lib_nbgl/src/nbgl_use_case_nanos.o:(.text.nbgl_useCaseStatus)
c0de5ffc c0de5ffc        0     1                 $t.38
c0de5ffd c0de5ffd       40     1                 nbgl_useCaseStatus
c0de6034 c0de6034        0     1                 $d.39
c0de603c c0de603c      188     4         build/nanos2/obj/sdk/lib_nbgl/src/nbgl_use_case_nanos.o:(.text.drawStep)
c0de603c c0de603c        0     1                 $t.40
c0de603d c0de603d      188     1                 drawStep
c0de61b0 c0de61b0        0     1                 $d.41
c0de61c4 c0de61c4       1c     4         build/nanos2/obj/sdk/lib_nbgl/src/nbgl_use_case_nanos.o:(.text.statusButtonCallback)
c0de61c4 c0de61c4        0     1                 $t.42
c0de61c5 c0de61c5       1c     1                 statusButtonCallback
c0de61dc c0de61dc        0     1                 $d.43
c0de61e0 c0de61e0       94     4         build/nanos2/obj/sdk/lib_nbgl/src/nbgl_use_case_nanos.o:(.text.nbgl_useCaseReviewStatus)
c0de61e0 c0de61e0        0     1                 $t.44
c0de61e1 c0de61e1       94     1                 nbgl_useCaseReviewStatus
c0de6254 c0de6254        0     1                 $d.45
c0de6274 c0de6274      184     4         build/nanos2/obj/sdk/lib_nbgl/src/nbgl_use_case_nanos.o:(.text.displayStreamingReviewPage)
c0de6274 c0de6274        0     1                 $t.48
c0de6275 c0de6275      184     1                 displayStreamingReviewPage
c0de63e4 c0de63e4        0     1                 $d.49
c0de63f8 c0de63f8       14     2         build/nanos2/obj/sdk/lib_nbgl/src/nbgl_use_case_nanos.o:(.text.nbgl_useCaseChoice)
c0de63f8 c0de63f8        0     1                 $t.61
c0de63f9 c0de63f9       14     1                 nbgl_useCaseChoice
c0de640c c0de640c       78     4         build/nanos2/obj/sdk/lib_nbgl/src/nbgl_use_case_nanos.o:(.text.nbgl_useCaseChoiceWithDetails)
c0de640c c0de640c        0     1                 $t.62
c0de640d c0de640d       78     1                 nbgl_useCaseChoiceWithDetails
c0de6480 c0de6480        0     1                 $d.63
c0de6484 c0de6484       e8     4         build/nanos2/obj/sdk/lib_nbgl/src/nbgl_use_case_nanos.o:(.text.displayChoicePage)
c0de6484 c0de6484        0     1                 $t.64
c0de6485 c0de6485       e8     1                 displayChoicePage
c0de6554 c0de6554        0     1                 $d.65
c0de656c c0de656c       b4     4         build/nanos2/obj/sdk/lib_nbgl/src/nbgl_use_case_nanos.o:(.text.getContentAtIdx)
c0de656c c0de656c        0     1                 $t.74
c0de656d c0de656d       b4     1                 getContentAtIdx
c0de661c c0de661c        0     1                 $d.75
c0de6620 c0de6620       34     2         build/nanos2/obj/sdk/lib_nbgl/src/nbgl_use_case_nanos.o:(.text.getContentNbElement)
c0de6620 c0de6620        0     1                 $t.76
c0de6621 c0de6621       34     1                 getContentNbElement
c0de6654 c0de6654       ac     4         build/nanos2/obj/sdk/lib_nbgl/src/nbgl_use_case_nanos.o:(.text.displayContent)
c0de6654 c0de6654        0     1                 $t.77
c0de6655 c0de6655       ac     1                 displayContent
c0de66e8 c0de66e8        0     1                 $d.78
c0de6700 c0de6700      144     4         build/nanos2/obj/sdk/lib_nbgl/src/nbgl_use_case_nanos.o:(.text.getContentPage)
c0de6700 c0de6700        0     1                 $t.79
c0de6701 c0de6701      144     1                 getContentPage
c0de6838 c0de6838        0     1                 $d.80
c0de6844 c0de6844       50     4         build/nanos2/obj/sdk/lib_nbgl/src/nbgl_use_case_nanos.o:(.text.drawSwitchStep)
c0de6844 c0de6844        0     1                 $t.81
c0de6845 c0de6845       50     1                 drawSwitchStep
c0de6890 c0de6890        0     1                 $d.82
c0de6894 c0de6894       1e     2         build/nanos2/obj/sdk/lib_nbgl/src/nbgl_use_case_nanos.o:(.text.contentCallback)
c0de6894 c0de6894        0     1                 $t.83
c0de6895 c0de6895       1e     1                 contentCallback
c0de68b4 c0de68b4       88     4         build/nanos2/obj/sdk/lib_nbgl/src/nbgl_use_case_nanos.o:(.text.getContentElemAtIdx)
c0de68b4 c0de68b4        0     1                 $t.84
c0de68b5 c0de68b5       88     1                 getContentElemAtIdx
c0de6934 c0de6934        0     1                 $d.85
c0de693c c0de693c       46     2         build/nanos2/obj/sdk/lib_nbgl/src/nbgl_use_case_nanos.o:(.text.getPairData)
c0de693c c0de693c        0     1                 $t.86
c0de693d c0de693d       46     1                 getPairData
c0de6984 c0de6984       b0     4         build/nanos2/obj/sdk/lib_nbgl/src/nbgl_use_case_nanos.o:(.text.onSwitchAction)
c0de6984 c0de6984        0     1                 $t.87
c0de6985 c0de6985       b0     1                 onSwitchAction
c0de6a2c c0de6a2c        0     1                 $d.88
c0de6a34 c0de6a34       9c     4         build/nanos2/obj/sdk/lib_nbgl/src/nbgl_use_case_nanos.o:(.text.displaySettingsPage)
c0de6a34 c0de6a34        0     1                 $t.89
c0de6a35 c0de6a35       9c     1                 displaySettingsPage
c0de6ab8 c0de6ab8        0     1                 $d.90
c0de6ad0 c0de6ad0       1e     2         build/nanos2/obj/sdk/lib_nbgl/src/nbgl_use_case_nanos.o:(.text.settingsCallback)
c0de6ad0 c0de6ad0        0     1                 $t.91
c0de6ad1 c0de6ad1       1e     1                 settingsCallback
c0de6af0 c0de6af0      124     4         build/nanos2/obj/sdk/lib_nbgl/src/nbgl_use_case_nanos.o:(.text.buttonGenericCallback)
c0de6af0 c0de6af0        0     1                 $t.92
c0de6af1 c0de6af1      124     1                 buttonGenericCallback
c0de6c0c c0de6c0c        0     1                 $d.93
c0de6c14 c0de6c14       fc     4         build/nanos2/obj/sdk/lib_nbgl/src/nbgl_use_case_nanos.o:(.text.displayHomePage)
c0de6c14 c0de6c14        0     1                 $t.94
c0de6c15 c0de6c15       fc     1                 displayHomePage
c0de6ce4 c0de6ce4        0     1                 $d.95
c0de6d10 c0de6d10        6     2         build/nanos2/obj/sdk/lib_nbgl/src/nbgl_use_case_nanos.o:(.text.startUseCaseSettings)
c0de6d10 c0de6d10        0     1                 $t.96
c0de6d11 c0de6d11        6     1                 startUseCaseSettings
c0de6d18 c0de6d18       24     4         build/nanos2/obj/sdk/lib_nbgl/src/nbgl_use_case_nanos.o:(.text.startUseCaseInfo)
c0de6d18 c0de6d18        0     1                 $t.97
c0de6d19 c0de6d19       24     1                 startUseCaseInfo
c0de6d38 c0de6d38        0     1                 $d.98
c0de6d3c c0de6d3c       1c     2         build/nanos2/obj/sdk/lib_nbgl/src/nbgl_use_case_nanos.o:(.text.homeCallback)
c0de6d3c c0de6d3c        0     1                 $t.99
c0de6d3d c0de6d3d       1c     1                 homeCallback
c0de6d58 c0de6d58       78     4         build/nanos2/obj/sdk/lib_nbgl/src/nbgl_use_case_nanos.o:(.text.displayInfoPage)
c0de6d58 c0de6d58        0     1                 $t.100
c0de6d59 c0de6d59       78     1                 displayInfoPage
c0de6db8 c0de6db8        0     1                 $d.101
c0de6dd0 c0de6dd0       1c     2         build/nanos2/obj/sdk/lib_nbgl/src/nbgl_use_case_nanos.o:(.text.infoCallback)
c0de6dd0 c0de6dd0        0     1                 $t.102
c0de6dd1 c0de6dd1       1c     1                 infoCallback
c0de6dec c0de6dec      10c     4         build/nanos2/obj/sdk/lib_nbgl/src/nbgl_use_case_nanos.o:(.text.displayWarningStep)
c0de6dec c0de6dec        0     1                 $t.103
c0de6ded c0de6ded      10c     1                 displayWarningStep
c0de6ee0 c0de6ee0        0     1                 $d.104
c0de6ef8 c0de6ef8       8c     4         build/nanos2/obj/sdk/lib_nbgl/src/nbgl_use_case_nanos.o:(.text.warningNavigate)
c0de6ef8 c0de6ef8        0     1                 $t.105
c0de6ef9 c0de6ef9       8c     1                 warningNavigate
c0de6f80 c0de6f80        0     1                 $d.106
c0de6f84 c0de6f84      128     4         build/nanos2/obj/sdk/lib_nbgl/src/nbgl_use_case_nanos.o:(.text.getLastPageInfo)
c0de6f84 c0de6f84        0     1                 $t.107
c0de6f85 c0de6f85      128     1                 getLastPageInfo
c0de7050 c0de7050        0     1                 $d.108
c0de70ac c0de70ac       38     4         build/nanos2/obj/sdk/lib_nbgl/src/nbgl_use_case_nanos.o:(.text.launchReviewAfterWarning)
c0de70ac c0de70ac        0     1                 $t.109
c0de70ad c0de70ad       38     1                 launchReviewAfterWarning
c0de70e0 c0de70e0        0     1                 $d.110
c0de70e4 c0de70e4       14     4         build/nanos2/obj/sdk/lib_nbgl/src/nbgl_use_case_nanos.o:(.text.onReviewAccept)
c0de70e4 c0de70e4        0     1                 $t.111
c0de70e5 c0de70e5       14     1                 onReviewAccept
c0de70f4 c0de70f4        0     1                 $d.112
c0de70f8 c0de70f8       14     4         build/nanos2/obj/sdk/lib_nbgl/src/nbgl_use_case_nanos.o:(.text.onReviewReject)
c0de70f8 c0de70f8        0     1                 $t.113
c0de70f9 c0de70f9       14     1                 onReviewReject
c0de7108 c0de7108        0     1                 $d.114
c0de710c c0de710c       b8     4         build/nanos2/obj/sdk/lib_nbgl/src/nbgl_use_case_nanos.o:(.text.buttonSkipCallback)
c0de710c c0de710c        0     1                 $t.115
c0de710d c0de710d       b8     1                 buttonSkipCallback
c0de71c0 c0de71c0        0     1                 $d.116
c0de71c4 c0de71c4       74     4         build/nanos2/obj/sdk/lib_nbgl/src/nbgl_use_case_nanos.o:(.text.displayAliasFullValue)
c0de71c4 c0de71c4        0     1                 $t.117
c0de71c5 c0de71c5       74     1                 displayAliasFullValue
c0de7234 c0de7234        0     1                 $d.118
c0de7238 c0de7238       24     4         build/nanos2/obj/sdk/lib_nbgl/src/nbgl_use_case_nanos.o:(.text.reviewCallback)
c0de7238 c0de7238        0     1                 $t.119
c0de7239 c0de7239       24     1                 reviewCallback
c0de7258 c0de7258        0     1                 $d.120
c0de725c c0de725c       f4     4         build/nanos2/obj/sdk/lib_nbgl/src/nbgl_use_case_nanos.o:(.text.displayExtensionStep)
c0de725c c0de725c        0     1                 $t.121
c0de725d c0de725d       f4     1                 displayExtensionStep
c0de733c c0de733c        0     1                 $d.122
c0de7350 c0de7350       74     4         build/nanos2/obj/sdk/lib_nbgl/src/nbgl_use_case_nanos.o:(.text.extensionNavigate)
c0de7350 c0de7350        0     1                 $t.123
c0de7351 c0de7351       74     1                 extensionNavigate
c0de73c0 c0de73c0        0     1                 $d.124
c0de73c4 c0de73c4       10     4         build/nanos2/obj/sdk/lib_nbgl/src/nbgl_use_case_nanos.o:(.text.statusTickerCallback)
c0de73c4 c0de73c4        0     1                 $t.125
c0de73c5 c0de73c5       10     1                 statusTickerCallback
c0de73d0 c0de73d0        0     1                 $d.126
c0de73d4 c0de73d4       64     4         build/nanos2/obj/sdk/lib_nbgl/src/nbgl_use_case_nanos.o:(.text.getChoiceName)
c0de73d4 c0de73d4        0     1                 $t.127
c0de73d5 c0de73d5       64     1                 getChoiceName
c0de7430 c0de7430        0     1                 $d.128
c0de7438 c0de7438       6c     4         build/nanos2/obj/sdk/lib_nbgl/src/nbgl_use_case_nanos.o:(.text.onChoiceSelected)
c0de7438 c0de7438        0     1                 $t.129
c0de7439 c0de7439       6c     1                 onChoiceSelected
c0de74a0 c0de74a0        0     1                 $d.130
c0de74a4 c0de74a4       24     4         build/nanos2/obj/sdk/lib_nbgl/src/nbgl_use_case_nanos.o:(.text.streamingReviewCallback)
c0de74a4 c0de74a4        0     1                 $t.131
c0de74a5 c0de74a5       24     1                 streamingReviewCallback
c0de74c4 c0de74c4        0     1                 $d.132
c0de74c8 c0de74c8       14     4         build/nanos2/obj/sdk/lib_nbgl/src/nbgl_use_case_nanos.o:(.text.onChoiceAccept)
c0de74c8 c0de74c8        0     1                 $t.133
c0de74c9 c0de74c9       14     1                 onChoiceAccept
c0de74d8 c0de74d8        0     1                 $d.134
c0de74dc c0de74dc       14     4         build/nanos2/obj/sdk/lib_nbgl/src/nbgl_use_case_nanos.o:(.text.onChoiceReject)
c0de74dc c0de74dc        0     1                 $t.135
c0de74dd c0de74dd       14     1                 onChoiceReject
c0de74ec c0de74ec        0     1                 $d.136
c0de74f0 c0de74f0       1c     2         build/nanos2/obj/sdk/lib_nbgl/src/nbgl_use_case_nanos.o:(.text.genericChoiceCallback)
c0de74f0 c0de74f0        0     1                 $t.137
c0de74f1 c0de74f1       1c     1                 genericChoiceCallback
c0de750c c0de750c       16     2         build/nanos2/obj/sdk/lib_nbgl/src/nbgl_use_case_nanos.o:(.text.OUTLINED_FUNCTION_1)
c0de750c c0de750c        0     1                 $t.144
c0de750d c0de750d       16     1                 OUTLINED_FUNCTION_1
c0de7522 c0de7522        c     2         build/nanos2/obj/sdk/lib_nbgl/src/nbgl_use_case_nanos.o:(.text.OUTLINED_FUNCTION_2)
c0de7522 c0de7522        0     1                 $t.145
c0de7523 c0de7523        c     1                 OUTLINED_FUNCTION_2
c0de752e c0de752e       14     2         build/nanos2/obj/sdk/lib_nbgl/src/nbgl_use_case_nanos.o:(.text.OUTLINED_FUNCTION_3)
c0de752e c0de752e        0     1                 $t.146
c0de752f c0de752f       14     1                 OUTLINED_FUNCTION_3
c0de7542 c0de7542        8     2         build/nanos2/obj/sdk/lib_nbgl/src/nbgl_use_case_nanos.o:(.text.OUTLINED_FUNCTION_4)
c0de7542 c0de7542        0     1                 $t.147
c0de7543 c0de7543        8     1                 OUTLINED_FUNCTION_4
c0de754a c0de754a        6     2         build/nanos2/obj/sdk/lib_nbgl/src/nbgl_use_case_nanos.o:(.text.OUTLINED_FUNCTION_5)
c0de754a c0de754a        0     1                 $t.148
c0de754b c0de754b        6     1                 OUTLINED_FUNCTION_5
c0de7550 c0de7550        8     2         build/nanos2/obj/sdk/lib_nbgl/src/nbgl_use_case_nanos.o:(.text.OUTLINED_FUNCTION_6)
c0de7550 c0de7550        0     1                 $t.149
c0de7551 c0de7551        8     1                 OUTLINED_FUNCTION_6
c0de7558 c0de7558        e     2         build/nanos2/obj/sdk/lib_nbgl/src/nbgl_use_case_nanos.o:(.text.OUTLINED_FUNCTION_7)
c0de7558 c0de7558        0     1                 $t.150
c0de7559 c0de7559        e     1                 OUTLINED_FUNCTION_7
c0de7566 c0de7566        e     2         build/nanos2/obj/sdk/lib_nbgl/src/nbgl_use_case_nanos.o:(.text.OUTLINED_FUNCTION_8)
c0de7566 c0de7566        0     1                 $t.151
c0de7567 c0de7567        e     1                 OUTLINED_FUNCTION_8
c0de7574 c0de7574        a     2         build/nanos2/obj/sdk/lib_nbgl/src/nbgl_use_case_nanos.o:(.text.OUTLINED_FUNCTION_9)
c0de7574 c0de7574        0     1                 $t.152
c0de7575 c0de7575        a     1                 OUTLINED_FUNCTION_9
c0de757e c0de757e        a     2         build/nanos2/obj/sdk/lib_nbgl/src/nbgl_use_case_nanos.o:(.text.OUTLINED_FUNCTION_10)
c0de757e c0de757e        0     1                 $t.153
c0de757f c0de757f        a     1                 OUTLINED_FUNCTION_10
c0de7588 c0de7588       4e     2         build/nanos2/obj/sdk/lib_standard_app/bip32.o:(.text.bip32_path_read)
c0de7588 c0de7588        0     1                 $t.0
c0de7589 c0de7589       4e     1                 bip32_path_read
c0de75d6 c0de75d6       16     2         build/nanos2/obj/sdk/lib_standard_app/buffer.o:(.text.buffer_seek_cur)
c0de75d6 c0de75d6        0     1                 $t.2
c0de75d7 c0de75d7       16     1                 buffer_seek_cur
c0de75ec c0de75ec       2c     2         build/nanos2/obj/sdk/lib_standard_app/buffer.o:(.text.buffer_read_u8)
c0de75ec c0de75ec        0     1                 $t.4
c0de75ed c0de75ed       2c     1                 buffer_read_u8
c0de7618 c0de7618       40     2         build/nanos2/obj/sdk/lib_standard_app/buffer.o:(.text.buffer_read_u64)
c0de7618 c0de7618        0     1                 $t.7
c0de7619 c0de7619       40     1                 buffer_read_u64
c0de7658 c0de7658       3a     2         build/nanos2/obj/sdk/lib_standard_app/buffer.o:(.text.buffer_read_varint)
c0de7658 c0de7658        0     1                 $t.8
c0de7659 c0de7659       3a     1                 buffer_read_varint
c0de7692 c0de7692       2e     2         build/nanos2/obj/sdk/lib_standard_app/buffer.o:(.text.buffer_read_bip32_path)
c0de7692 c0de7692        0     1                 $t.9
c0de7693 c0de7693       2e     1                 buffer_read_bip32_path
c0de76c0 c0de76c0       26     2         build/nanos2/obj/sdk/lib_standard_app/buffer.o:(.text.buffer_copy)
c0de76c0 c0de76c0        0     1                 $t.10
c0de76c1 c0de76c1       26     1                 buffer_copy
c0de76e6 c0de76e6       32     2         build/nanos2/obj/sdk/lib_standard_app/buffer.o:(.text.buffer_move)
c0de76e6 c0de76e6        0     1                 $t.11
c0de76e7 c0de76e7       32     1                 buffer_move
c0de7718 c0de7718        c     2         build/nanos2/obj/sdk/lib_standard_app/buffer.o:(.text.OUTLINED_FUNCTION_0)
c0de7718 c0de7718        0     1                 $t.12
c0de7719 c0de7719        c     1                 OUTLINED_FUNCTION_0
c0de7724 c0de7724       70     2         build/nanos2/obj/sdk/lib_standard_app/crypto_helpers.o:(.text.bip32_derive_with_seed_init_privkey_256)
c0de7724 c0de7724        0     1                 $t.0
c0de7725 c0de7725       70     1                 bip32_derive_with_seed_init_privkey_256
c0de7794 c0de7794       80     2         build/nanos2/obj/sdk/lib_standard_app/crypto_helpers.o:(.text.os_derive_bip32_with_seed_no_throw)
c0de7794 c0de7794        0     1                 $t.1
c0de7795 c0de7795       80     1                 os_derive_bip32_with_seed_no_throw
c0de7814 c0de7814       68     2         build/nanos2/obj/sdk/lib_standard_app/crypto_helpers.o:(.text.bip32_derive_with_seed_get_pubkey_256)
c0de7814 c0de7814        0     1                 $t.2
c0de7815 c0de7815       68     1                 bip32_derive_with_seed_get_pubkey_256
c0de787c c0de787c       4e     2         build/nanos2/obj/sdk/lib_standard_app/crypto_helpers.o:(.text.bip32_derive_with_seed_ecdsa_sign_hash_256)
c0de787c c0de787c        0     1                 $t.3
c0de787d c0de787d       4e     1                 bip32_derive_with_seed_ecdsa_sign_hash_256
c0de78ca c0de78ca        6     2         build/nanos2/obj/sdk/lib_standard_app/crypto_helpers.o:(.text.OUTLINED_FUNCTION_0)
c0de78ca c0de78ca        0     1                 $t.6
c0de78cb c0de78cb        6     1                 OUTLINED_FUNCTION_0
c0de78d0 c0de78d0       72     2         build/nanos2/obj/sdk/lib_standard_app/format.o:(.text.format_u64)
c0de78d0 c0de78d0        0     1                 $t.2
c0de78d1 c0de78d1       72     1                 format_u64
c0de7942 c0de7942       8e     2         build/nanos2/obj/sdk/lib_standard_app/format.o:(.text.format_fpu64)
c0de7942 c0de7942        0     1                 $t.3
c0de7943 c0de7943       8e     1                 format_fpu64
c0de79d0 c0de79d0       50     4         build/nanos2/obj/sdk/lib_standard_app/format.o:(.text.format_hex)
c0de79d0 c0de79d0        0     1                 $t.5
c0de79d1 c0de79d1       50     1                 format_hex
c0de7a1c c0de7a1c        0     1                 $d.6
c0de7a20 c0de7a20        2     2         build/nanos2/obj/sdk/lib_standard_app/io.o:(.text.app_ticker_event_callback)
c0de7a20 c0de7a20        0     1                 $t.0
c0de7a21 c0de7a21        2     1                 app_ticker_event_callback
c0de7a24 c0de7a24       30     4         build/nanos2/obj/sdk/lib_standard_app/io.o:(.text.io_event)
c0de7a24 c0de7a24        0     1                 $t.1
c0de7a25 c0de7a25       30     1                 io_event
c0de7a50 c0de7a50        0     1                 $d.2
c0de7a54 c0de7a54       10     4         build/nanos2/obj/sdk/lib_standard_app/io.o:(.text.io_init)
c0de7a54 c0de7a54        0     1                 $t.3
c0de7a55 c0de7a55       10     1                 io_init
c0de7a60 c0de7a60        0     1                 $d.4
c0de7a64 c0de7a64       2c     4         build/nanos2/obj/sdk/lib_standard_app/io.o:(.text.io_recv_command)
c0de7a64 c0de7a64        0     1                 $t.5
c0de7a65 c0de7a65       2c     1                 io_recv_command
c0de7a8c c0de7a8c        0     1                 $d.6
c0de7a90 c0de7a90       6c     4         build/nanos2/obj/sdk/lib_standard_app/io.o:(.text.io_send_response_buffers)
c0de7a90 c0de7a90        0     1                 $t.7
c0de7a91 c0de7a91       6c     1                 io_send_response_buffers
c0de7af8 c0de7af8        0     1                 $d.8
c0de7afc c0de7afc        6     2         build/nanos2/obj/sdk/lib_standard_app/main.o:(.text.app_exit)
c0de7afc c0de7afc        0     1                 $t.0
c0de7afd c0de7afd        6     1                 app_exit
[...]
c0de89b5 c0de89b5       14     1                 strcmp
c0de89c8 c0de89c8       10     2         /opt/nanosplus-secure-sdk/arch/st33k1/lib/libc.a(lib_a-strlen.o):(.text)
c0de89c8 c0de89c8        0     1                 $t
c0de89c9 c0de89c9       10     1                 strlen
c0de89d8 c0de89d8       26     2         /opt/nanosplus-secure-sdk/arch/st33k1/lib/libc.a(lib_a-strncpy.o):(.text.strncpy)
c0de89d8 c0de89d8        0     1                 $t
c0de89d9 c0de89d9       26     1                 strncpy
c0de89fe c0de89fe        0     1         _ecode = .
c0de89fe c0de89fe       19     1         build/nanos2/gen_src/glyphs.o:(.rodata.C_home_boilerplate_14px_bitmap)
c0de89fe c0de89fe       19     1                 C_home_boilerplate_14px_bitmap
c0de8a17 c0de8a17        a     1         build/nanos2/gen_src/glyphs.o:(.rodata.C_home_boilerplate_14px)
c0de8a17 c0de8a17        a     1                 C_home_boilerplate_14px
c0de8a21 c0de8a21       19     1         build/nanos2/gen_src/glyphs.o:(.rodata.C_Information_circle_14px_bitmap)
c0de8a21 c0de8a21       19     1                 C_Information_circle_14px_bitmap
c0de8a3a c0de8a3a        a     1         build/nanos2/gen_src/glyphs.o:(.rodata.C_Information_circle_14px)
c0de8a3a c0de8a3a        a     1                 C_Information_circle_14px
c0de8a44 c0de8a44       19     1         build/nanos2/gen_src/glyphs.o:(.rodata.C_Quit_14px_bitmap)
c0de8a44 c0de8a44       19     1                 C_Quit_14px_bitmap
c0de8a5d c0de8a5d        a     1         build/nanos2/gen_src/glyphs.o:(.rodata.C_Quit_14px)
c0de8a5d c0de8a5d        a     1                 C_Quit_14px
c0de8a67 c0de8a67        c     1         build/nanos2/gen_src/glyphs.o:(.rodata.C_Switch_Off_8px_bitmap)
c0de8a67 c0de8a67        c     1                 C_Switch_Off_8px_bitmap
c0de8a73 c0de8a73        a     1         build/nanos2/gen_src/glyphs.o:(.rodata.C_Switch_Off_8px)
c0de8a73 c0de8a73        a     1                 C_Switch_Off_8px
c0de8a7d c0de8a7d        c     1         build/nanos2/gen_src/glyphs.o:(.rodata.C_Switch_On_8px_bitmap)
c0de8a7d c0de8a7d        c     1                 C_Switch_On_8px_bitmap
c0de8a89 c0de8a89        a     1         build/nanos2/gen_src/glyphs.o:(.rodata.C_Switch_On_8px)
c0de8a89 c0de8a89        a     1                 C_Switch_On_8px
c0de8a93 c0de8a93       19     1         build/nanos2/gen_src/glyphs.o:(.rodata.C_icon_back_x_bitmap)
c0de8a93 c0de8a93       19     1                 C_icon_back_x_bitmap
c0de8aac c0de8aac        a     1         build/nanos2/gen_src/glyphs.o:(.rodata.C_icon_back_x)
c0de8aac c0de8aac        a     1                 C_icon_back_x
c0de8ab6 c0de8ab6       19     1         build/nanos2/gen_src/glyphs.o:(.rodata.C_icon_coggle_bitmap)
c0de8ab6 c0de8ab6       19     1                 C_icon_coggle_bitmap
c0de8acf c0de8acf        a     1         build/nanos2/gen_src/glyphs.o:(.rodata.C_icon_coggle)
c0de8acf c0de8acf        a     1                 C_icon_coggle
c0de8ad9 c0de8ad9       19     1         build/nanos2/gen_src/glyphs.o:(.rodata.C_icon_crossmark_bitmap)
c0de8ad9 c0de8ad9       19     1                 C_icon_crossmark_bitmap
c0de8af2 c0de8af2        a     1         build/nanos2/gen_src/glyphs.o:(.rodata.C_icon_crossmark)
c0de8af2 c0de8af2        a     1                 C_icon_crossmark
c0de8afc c0de8afc        4     1         build/nanos2/gen_src/glyphs.o:(.rodata.C_icon_down_bitmap)
c0de8afc c0de8afc        4     1                 C_icon_down_bitmap
c0de8b00 c0de8b00        a     1         build/nanos2/gen_src/glyphs.o:(.rodata.C_icon_down)
c0de8b00 c0de8b00        a     1                 C_icon_down
c0de8b0a c0de8b0a        4     1         build/nanos2/gen_src/glyphs.o:(.rodata.C_icon_left_bitmap)
c0de8b0a c0de8b0a        4     1                 C_icon_left_bitmap
c0de8b0e c0de8b0e        a     1         build/nanos2/gen_src/glyphs.o:(.rodata.C_icon_left)
c0de8b0e c0de8b0e        a     1                 C_icon_left
c0de8b18 c0de8b18        4     1         build/nanos2/gen_src/glyphs.o:(.rodata.C_icon_right_bitmap)
c0de8b18 c0de8b18        4     1                 C_icon_right_bitmap
c0de8b1c c0de8b1c        a     1         build/nanos2/gen_src/glyphs.o:(.rodata.C_icon_right)
c0de8b1c c0de8b1c        a     1                 C_icon_right
c0de8b26 c0de8b26        4     1         build/nanos2/gen_src/glyphs.o:(.rodata.C_icon_up_bitmap)
c0de8b26 c0de8b26        4     1                 C_icon_up_bitmap
c0de8b2a c0de8b2a        a     1         build/nanos2/gen_src/glyphs.o:(.rodata.C_icon_up)
c0de8b2a c0de8b2a        a     1                 C_icon_up
c0de8b34 c0de8b34       17     1         build/nanos2/gen_src/glyphs.o:(.rodata.C_icon_validate_14_bitmap)
c0de8b34 c0de8b34       17     1                 C_icon_validate_14_bitmap
c0de8b4b c0de8b4b        a     1         build/nanos2/gen_src/glyphs.o:(.rodata.C_icon_validate_14)
c0de8b4b c0de8b4b        a     1                 C_icon_validate_14
c0de8b55 c0de8b55       19     1         build/nanos2/gen_src/glyphs.o:(.rodata.C_icon_warning_bitmap)
c0de8b55 c0de8b55       19     1                 C_icon_warning_bitmap
c0de8b6e c0de8b6e        a     1         build/nanos2/gen_src/glyphs.o:(.rodata.C_icon_warning)
c0de8b6e c0de8b6e        a     1                 C_icon_warning
c0de8b78 c0de8b78       19     1         build/nanos2/gen_src/glyphs.o:(.rodata.C_app_boilerplate_14px_bitmap)
c0de8b78 c0de8b78       19     1                 C_app_boilerplate_14px_bitmap
c0de8b91 c0de8b91        a     1         build/nanos2/gen_src/glyphs.o:(.rodata.C_app_boilerplate_14px)
c0de8b91 c0de8b91        a     1                 C_app_boilerplate_14px
c0de8b9b c0de8b9b      345     1         <internal>:(.text)
c0de8ee0 c0de8ee0        c     4         build/nanos2/obj/app/src/ui/menu_nbgl.o:(.rodata.settingContents)
c0de8ee0 c0de8ee0        c     1                 settingContents
c0de8eec c0de8eec       10     4         build/nanos2/obj/app/src/ui/menu_nbgl.o:(.rodata.infoList)
c0de8eec c0de8eec       10     1                 infoList
c0de8efc c0de8efc       38     4         build/nanos2/obj/app/src/ui/menu_nbgl.o:(.rodata.contents)
c0de8efc c0de8efc       38     1                 contents
c0de8f34 c0de8f34        8     4         build/nanos2/obj/app/src/ui/menu_nbgl.o:(.rodata.INFO_TYPES)
c0de8f34 c0de8f34        8     1                 INFO_TYPES
c0de8f3c c0de8f3c        8     4         build/nanos2/obj/app/src/ui/menu_nbgl.o:(.rodata.INFO_CONTENTS)
c0de8f3c c0de8f3c        8     1                 INFO_CONTENTS
c0de8f44 c0de8f44       30     1         build/nanos2/obj/app/src/zknox/pairings/zkn_g1_384.o:(.rodata.G1_GEN_X_BE)
c0de8f44 c0de8f44       30     1                 G1_GEN_X_BE
c0de8f74 c0de8f74       30     1         build/nanos2/obj/app/src/zknox/pairings/zkn_g1_384.o:(.rodata.G1_GEN_Y_BE)
c0de8f74 c0de8f74       30     1                 G1_GEN_Y_BE
c0de8fa4 c0de8fa4       30     1         build/nanos2/obj/app/src/zknox/pairings/zkn_g2_384.o:(.rodata.G2_GEN_X0_BE)
c0de8fa4 c0de8fa4       30     1                 G2_GEN_X0_BE
c0de8fd4 c0de8fd4       30     1         build/nanos2/obj/app/src/zknox/pairings/zkn_g2_384.o:(.rodata.G2_GEN_X1_BE)
c0de8fd4 c0de8fd4       30     1                 G2_GEN_X1_BE
c0de9004 c0de9004       30     1         build/nanos2/obj/app/src/zknox/pairings/zkn_g2_384.o:(.rodata.G2_GEN_Y0_BE)
c0de9004 c0de9004       30     1                 G2_GEN_Y0_BE
c0de9034 c0de9034       30     1         build/nanos2/obj/app/src/zknox/pairings/zkn_g2_384.o:(.rodata.G2_GEN_Y1_BE)
c0de9034 c0de9034       30     1                 G2_GEN_Y1_BE
c0de9064 c0de9064       30     1         build/nanos2/obj/app/src/zknox/pairings/zkn_groth16.o:(.rodata.VK_IC0_X)
c0de9064 c0de9064       30     1                 VK_IC0_X
c0de9094 c0de9094       30     1         build/nanos2/obj/app/src/zknox/pairings/zkn_groth16.o:(.rodata.VK_IC0_Y)
c0de9094 c0de9094       30     1                 VK_IC0_Y
c0de90c4 c0de90c4       30     1         build/nanos2/obj/app/src/zknox/pairings/zkn_groth16.o:(.rodata.VK_IC1_X)
c0de90c4 c0de90c4       30     1                 VK_IC1_X
c0de90f4 c0de90f4       30     1         build/nanos2/obj/app/src/zknox/pairings/zkn_groth16.o:(.rodata.VK_IC1_Y)
c0de90f4 c0de90f4       30     1                 VK_IC1_Y
c0de9124 c0de9124       30     1         build/nanos2/obj/app/src/zknox/pairings/zkn_groth16.o:(.rodata.VK_IC2_X)
c0de9124 c0de9124       30     1                 VK_IC2_X
c0de9154 c0de9154       30     1         build/nanos2/obj/app/src/zknox/pairings/zkn_groth16.o:(.rodata.VK_IC2_Y)
c0de9154 c0de9154       30     1                 VK_IC2_Y
c0de9184 c0de9184       30     1         build/nanos2/obj/app/src/zknox/pairings/zkn_groth16.o:(.rodata.VK_GAMMA_X0)
c0de9184 c0de9184       30     1                 VK_GAMMA_X0
c0de91b4 c0de91b4       30     1         build/nanos2/obj/app/src/zknox/pairings/zkn_groth16.o:(.rodata.VK_GAMMA_X1)
c0de91b4 c0de91b4       30     1                 VK_GAMMA_X1
c0de91e4 c0de91e4       30     1         build/nanos2/obj/app/src/zknox/pairings/zkn_groth16.o:(.rodata.VK_GAMMA_Y0)
c0de91e4 c0de91e4       30     1                 VK_GAMMA_Y0
c0de9214 c0de9214       30     1         build/nanos2/obj/app/src/zknox/pairings/zkn_groth16.o:(.rodata.VK_GAMMA_Y1)
c0de9214 c0de9214       30     1                 VK_GAMMA_Y1
c0de9244 c0de9244       30     1         build/nanos2/obj/app/src/zknox/pairings/zkn_groth16.o:(.rodata.VK_DELTA_X0)
c0de9244 c0de9244       30     1                 VK_DELTA_X0
c0de9274 c0de9274       30     1         build/nanos2/obj/app/src/zknox/pairings/zkn_groth16.o:(.rodata.VK_DELTA_X1)
c0de9274 c0de9274       30     1                 VK_DELTA_X1
c0de92a4 c0de92a4       30     1         build/nanos2/obj/app/src/zknox/pairings/zkn_groth16.o:(.rodata.VK_DELTA_Y0)
c0de92a4 c0de92a4       30     1                 VK_DELTA_Y0
c0de92d4 c0de92d4       30     1         build/nanos2/obj/app/src/zknox/pairings/zkn_groth16.o:(.rodata.VK_DELTA_Y1)
c0de92d4 c0de92d4       30     1                 VK_DELTA_Y1
c0de9304 c0de9304      240     1         build/nanos2/obj/app/src/zknox/pairings/zkn_groth16.o:(.rodata.VK_ALPHA_BETA)
c0de9304 c0de9304      240     1                 VK_ALPHA_BETA
c0de9544 c0de9544       30     4         build/nanos2/obj/app/src/zknox/pairings/zkn_mont384.o:(.rodata.BLS12_381_P)
c0de9544 c0de9544       30     1                 BLS12_381_P
c0de9574 c0de9574       2c     4         build/nanos2/obj/sdk/lib_nbgl/src/nbgl_use_case_nanos.o:(.rodata.blindSigningWarning)
c0de9574 c0de9574       2c     1                 blindSigningWarning
c0de95a0 c0de95a0       20     1         <internal>:(.text)
c0de95c0 c0de95c0        0     1         . = ALIGN ( 4 )
c0de95c0 c0de95c0        0     1         _etext = .
c0de95c0 c0de95c0       40     1         . = ALIGN ( PAGE_SIZE )
c0de9600 c0de9600        0     1         _nvram_data = .
c0de9600 c0de9600        3     1         build/nanos2/obj/app/src/app_main.o:(.rodata.N_storage_real)
c0de9600 c0de9600        3     1                 N_storage_real
c0de9603 c0de9603      1fd     1         . = ALIGN ( PAGE_SIZE )
c0de9800 c0de9800        0     1         _envram_data = .
c0de9800 c0de9800        0     1         _install_parameters = .
c0de9800 c0de9800       5f     1         build/nanos2/obj/sdk/src/app_metadata.o:(.install_parameters)
c0de9800 c0de9800       5f     1                 install_parameters
c0de985f c0de985f        0     1         _einstall_parameters = .
c0de985f c0de985f        0     1         _nvram_end = .
d0000000 d0000000        0     1 .data
d0000000 d0000000        0     1         . = ALIGN ( 4 )
d0000000 d0000000        0     1         _data = .
d0000000 d0000000        0     1         _edata = .
d0000000 d0000000        0     1 
da7a0000 da7a0000     13d4     8 .bss
da7a0000 da7a0000        0     1         _bss = .
da7a0000 da7a0000      2d8     8         build/nanos2/obj/app/src/app_main.o:(.bss.G_context)
da7a0000 da7a0000      2d8     1                 G_context
da7a02d8 da7a02d8      366     2         build/nanos2/obj/app/src/app_main.o:(.bss.G_pairing_ctx)
da7a02d8 da7a02d8      366     1                 G_pairing_ctx
da7a063e da7a063e        2     2         build/nanos2/obj/app/src/handler/groth16_handler.o:(.bss.g16_rx_offset)
da7a063e da7a063e        2     1                 g16_rx_offset
da7a0640 da7a0640      1c0     1         build/nanos2/obj/app/src/handler/groth16_handler.o:(.bss.g16_buf)
da7a0640 da7a0640      1c0     1                 g16_buf
da7a0800 da7a0800       1c     4         build/nanos2/obj/app/src/ui/menu_nbgl.o:(.bss..L_MergedGlobals)
da7a0800 da7a0800       1c     1                 .L_MergedGlobals
da7a0800 da7a0800        1     1                 initSettingPage
da7a0804 da7a0804       18     1                 switches
da7a081c da7a081c       2b     4         build/nanos2/obj/app/src/ui/nbgl_display_address.o:(.bss.g_address)
da7a081c da7a081c       2b     1                 g_address
da7a0848 da7a0848       7f     4         build/nanos2/obj/app/src/ui/nbgl_display_transaction.o:(.bss..L_MergedGlobals)
da7a0848 da7a0848       7f     1                 .L_MergedGlobals
da7a0848 da7a0848       14     1                 pairList
da7a085c da7a085c       1e     1                 g_amount
da7a087c da7a087c       20     1                 pairs
da7a089c da7a089c       2b     1                 g_address
da7a08c8 da7a08c8      5a0     4         build/nanos2/obj/app/src/zknox/pairings/zkn_fp12_384.o:(.bss.frob_gamma)
da7a08c8 da7a08c8      5a0     1                 frob_gamma
da7a0e68 da7a0e68        1     4         build/nanos2/obj/app/src/zknox/pairings/zkn_fp12_384.o:(.bss.frob_init_done)
da7a0e68 da7a0e68        1     1                 frob_init_done
da7a0e6c da7a0e6c       94     4         build/nanos2/obj/app/src/zknox/pairings/zkn_mont384.o:(.bss.zkn_bls12381_ctx.ctx)
da7a0e6c da7a0e6c       94     1                 zkn_bls12381_ctx.ctx
da7a0f00 da7a0f00        1     4         build/nanos2/obj/app/src/zknox/pairings/zkn_mont384.o:(.bss.zkn_bls12381_ctx.ready)
da7a0f00 da7a0f00        1     1                 zkn_bls12381_ctx.ready
da7a0f01 da7a0f01      111     1         build/nanos2/obj/sdk/io/src/os_io.o:(.bss.G_io_tx_buffer)
da7a0f01 da7a0f01      111     1                 G_io_tx_buffer
da7a1012 da7a1012      111     1         build/nanos2/obj/sdk/io/src/os_io.o:(.bss.G_io_rx_buffer)
da7a1012 da7a1012      111     1                 G_io_rx_buffer
da7a1124 da7a1124        8     2         build/nanos2/obj/sdk/io_legacy/src/os_io_legacy.o:(.bss.G_io_app)
da7a1124 da7a1124        8     1                 G_io_app
da7a112c da7a112c        2     1         build/nanos2/obj/sdk/io_legacy/src/os_io_legacy.o:(.bss..L_MergedGlobals)
da7a112c da7a112c        2     1                 .L_MergedGlobals
da7a112c da7a112c        1     1                 need_to_start_io
da7a112d da7a112d        1     1                 io_os_legacy_apdu_type
da7a1130 da7a1130       24     4         build/nanos2/obj/sdk/lib_nbgl/src/nbgl_layout_nanos.o:(.bss.gLayout)
da7a1130 da7a1130       24     1                 gLayout
da7a1154 da7a1154       14     4         build/nanos2/obj/sdk/lib_nbgl/src/nbgl_layout_nanos.o:(.bss.nbgl_layoutAddText.tmpString)
da7a1154 da7a1154       14     1                 nbgl_layoutAddText.tmpString
da7a1168 da7a1168       d8     4         build/nanos2/obj/sdk/lib_nbgl/src/nbgl_step.o:(.bss.contexts)
da7a1168 da7a1168       d8     1                 contexts
da7a1240 da7a1240       6c     4         build/nanos2/obj/sdk/lib_nbgl/src/nbgl_use_case_nanos.o:(.bss..L_MergedGlobals)
da7a1240 da7a1240       6c     1                 .L_MergedGlobals
da7a1240 da7a1240       2c     1                 reviewWithWarnCtx
da7a126c da7a126c       40     1                 context
da7a12ac da7a12ac      110     1         build/nanos2/obj/sdk/lib_standard_app/io.o:(.bss.G_io_seproxyhal_spi_buffer)
da7a12ac da7a12ac      110     1                 G_io_seproxyhal_spi_buffer
da7a13bc da7a13bc        1     1         build/nanos2/obj/sdk/lib_standard_app/io.o:(.bss.need_to_start_io)
da7a13bc da7a13bc        1     1                 need_to_start_io
da7a13c0 da7a13c0        c     4         build/nanos2/obj/sdk/lib_standard_app/main.o:(.bss.G_ux_params)
da7a13c0 da7a13c0        c     1                 G_ux_params
da7a13cc da7a13cc        4     4         build/nanos2/obj/sdk/lib_ux_nbgl/ux.o:(.bss.nbTicks)
da7a13cc da7a13cc        4     1                 nbTicks
da7a13d0 da7a13d0        0     1         _ebss = .
da7a13d0 da7a13d0        0     1         . = ALIGN ( 4 )
da7a13d0 da7a13d0        0     1         app_stack_canary = .
da7a13d0 da7a13d0        4     1         . += 4
da7a13d4 da7a13d4        0     1         _stack = .
da7a13d4 da7a13d4        0     1         _estack = ABSOLUTE ( END_STACK )
da7a13d4 da7a13d4        0     1 
d0000000 d0000000       10     4 DEBUG
d0000000 d0000000       10     4         <internal>:(.ARM.exidx)
       0        0       5d     1 .comment
       0        0       5d     1         <internal>:(.comment)
       0        0        6     1 ledger.target
       0        0        6     1         build/nanos2/obj/sdk/src/app_metadata.o:(ledger.target)
       0        0        6     1                 target
       0        0        d     1 ledger.target_name
       0        0        d     1         build/nanos2/obj/sdk/src/app_metadata.o:(ledger.target_name)
       0        0        d     1                 target_name
       0        0        a     1 ledger.target_id
       0        0        a     1         build/nanos2/obj/sdk/src/app_metadata.o:(ledger.target_id)
       0        0        a     1                 target_id
       0        0        3     1 ledger.app_name
       0        0        3     1         build/nanos2/obj/sdk/src/app_metadata.o:(ledger.app_name)
       0        0        3     1                 app_name
       0        0        5     1 ledger.app_version
       0        0        5     1         build/nanos2/obj/sdk/src/app_metadata.o:(ledger.app_version)
       0        0        5     1                 app_version
       0        0        2     1 ledger.api_level
       0        0        2     1         build/nanos2/obj/sdk/src/app_metadata.o:(ledger.api_level)
       0        0        2     1                 api_level
       0        0       11     1 ledger.sdk_name
       0        0       11     1         build/nanos2/obj/sdk/src/app_metadata.o:(ledger.sdk_name)
       0        0       11     1                 sdk_name
       0        0        8     1 ledger.sdk_version
       0        0        8     1         build/nanos2/obj/sdk/src/app_metadata.o:(ledger.sdk_version)
       0        0        8     1                 sdk_version
       0        0       28     1 ledger.sdk_hash
       0        0       28     1         build/nanos2/obj/sdk/src/app_metadata.o:(ledger.sdk_hash)
       0        0       28     1                 sdk_hash
       0        0        4     1 ledger.sdk_graphics
       0        0        4     1         build/nanos2/obj/sdk/src/app_metadata.o:(ledger.sdk_graphics)
       0        0        4     1                 sdk_graphics
       0        0        3     1 ledger.app_flags
       0        0        3     1         build/nanos2/obj/sdk/src/app_metadata.o:(ledger.app_flags)
       0        0        3     1                 app_flags
d0000010 d0000010        0     1 PROVIDE ( _nvram = ABSOLUTE ( _nvram_start ) )
d0000010 d0000010        0     1 PROVIDE ( _envram = ABSOLUTE ( _nvram_end ) )
       0        0       45     1 .ARM.attributes
       0        0       45     1         build/nanos2/gen_src/glyphs.o:(.ARM.attributes)
       0        0     4920     4 .symtab
       0        0     4920     4         <internal>:(.symtab)
       0        0      109     1 .shstrtab
       0        0      109     1         <internal>:(.shstrtab)
       0        0     3574     1 .strtab
       0        0     3574     1         <internal>:(.strtab)
